Archive member included to satisfy reference by file (symbol)

lib/orangescrt.a(printf.o)    kernel/main.o (printf)
lib/orangescrt.a(vsprintf.o)  kernel/main.o (vsprintf)
lib/orangescrt.a(string.o)    kernel/start.o (memcpy)
lib/orangescrt.a(misc.o)      kernel/main.o (send_recv)
lib/orangescrt.a(open.o)      kernel/main.o (open)
lib/orangescrt.a(read.o)      kernel/main.o (read)
lib/orangescrt.a(write.o)     kernel/main.o (write)
lib/orangescrt.a(close.o)     kernel/main.o (close)
lib/orangescrt.a(unlink.o)    kernel/main.o (unlink)
lib/orangescrt.a(lseek.o)     kernel/main.o (lseek)
lib/orangescrt.a(getpid.o)    fs/disklog.o (getpid)
lib/orangescrt.a(stat.o)      mm/exec.o (stat)
lib/orangescrt.a(fork.o)      kernel/main.o (fork)
lib/orangescrt.a(wait.o)      kernel/main.o (wait)
lib/orangescrt.a(exec.o)      kernel/main.o (execv)
lib/orangescrt.a(syscall.o)   lib/orangescrt.a(misc.o) (sendrec)

Allocating common symbols
Common symbol       size              file

filequeue           0xc8              kernel/main.o
idt_ptr             0x6               kernel/global.o
inode_table         0xb00             kernel/global.o
task_stack          0x24000           kernel/global.o
k_reenter           0x4               kernel/global.o
gdt                 0x400             kernel/global.o
current_console     0x4               kernel/global.o
pcaller             0x4               kernel/global.o
tty_table           0x2610            kernel/global.o
tss                 0x68              kernel/global.o
fs_msg              0x30              kernel/global.o
memory_size         0x4               kernel/global.o
f_desc_table        0x400             kernel/global.o
root_inode          0x4               kernel/global.o
disp_pos            0x4               kernel/global.o
files               0xa00             kernel/main.o
mm_msg              0x30              kernel/global.o
key_pressed         0x4               kernel/global.o
gdt_ptr             0x6               kernel/global.o
idt                 0x800             kernel/global.o
super_block         0x1e0             kernel/global.o
PARTITION_ENTRY     0x10              kernel/hd.o
ticks               0x4               kernel/global.o
console_table       0x3c              kernel/global.o
userfiles           0xa00             kernel/main.o
irq_table           0x40              kernel/global.o
p_proc_ready        0x4               kernel/global.o
proc_table          0x3ddc            kernel/global.o
passwords           0x100             kernel/main.o

Discarded input sections

 .note.GNU-stack
                0x0000000000000000        0x0 kernel/start.o
 .note.GNU-stack
                0x0000000000000000        0x0 kernel/main.o
 .note.GNU-stack
                0x0000000000000000        0x0 kernel/clock.o
 .note.GNU-stack
                0x0000000000000000        0x0 kernel/keyboard.o
 .note.GNU-stack
                0x0000000000000000        0x0 kernel/tty.o
 .note.GNU-stack
                0x0000000000000000        0x0 kernel/console.o
 .note.GNU-stack
                0x0000000000000000        0x0 kernel/i8259.o
 .note.GNU-stack
                0x0000000000000000        0x0 kernel/global.o
 .note.GNU-stack
                0x0000000000000000        0x0 kernel/protect.o
 .note.GNU-stack
                0x0000000000000000        0x0 kernel/proc.o
 .note.GNU-stack
                0x0000000000000000        0x0 kernel/systask.o
 .note.GNU-stack
                0x0000000000000000        0x0 kernel/hd.o
 .note.GNU-stack
                0x0000000000000000        0x0 kernel/klib.o
 .note.GNU-stack
                0x0000000000000000        0x0 kernel/welcome.o
 .note.GNU-stack
                0x0000000000000000        0x0 lib/syslog.o
 .note.GNU-stack
                0x0000000000000000        0x0 mm/main.o
 .note.GNU-stack
                0x0000000000000000        0x0 mm/forkexit.o
 .note.GNU-stack
                0x0000000000000000        0x0 mm/exec.o
 .note.GNU-stack
                0x0000000000000000        0x0 fs/main.o
 .note.GNU-stack
                0x0000000000000000        0x0 fs/open.o
 .note.GNU-stack
                0x0000000000000000        0x0 fs/misc.o
 .note.GNU-stack
                0x0000000000000000        0x0 fs/read_write.o
 .note.GNU-stack
                0x0000000000000000        0x0 fs/link.o
 .note.GNU-stack
                0x0000000000000000        0x0 fs/disklog.o
 .note.GNU-stack
                0x0000000000000000        0x0 game/tictactoe.o
 .note.GNU-stack
                0x0000000000000000        0x0 kernel/ano_schdule.o
 .note.GNU-stack
                0x0000000000000000        0x0 lib/orangescrt.a(printf.o)
 .note.GNU-stack
                0x0000000000000000        0x0 lib/orangescrt.a(vsprintf.o)
 .note.GNU-stack
                0x0000000000000000        0x0 lib/orangescrt.a(misc.o)
 .note.GNU-stack
                0x0000000000000000        0x0 lib/orangescrt.a(open.o)
 .note.GNU-stack
                0x0000000000000000        0x0 lib/orangescrt.a(read.o)
 .note.GNU-stack
                0x0000000000000000        0x0 lib/orangescrt.a(write.o)
 .note.GNU-stack
                0x0000000000000000        0x0 lib/orangescrt.a(close.o)
 .note.GNU-stack
                0x0000000000000000        0x0 lib/orangescrt.a(unlink.o)
 .note.GNU-stack
                0x0000000000000000        0x0 lib/orangescrt.a(lseek.o)
 .note.GNU-stack
                0x0000000000000000        0x0 lib/orangescrt.a(getpid.o)
 .note.GNU-stack
                0x0000000000000000        0x0 lib/orangescrt.a(stat.o)
 .note.GNU-stack
                0x0000000000000000        0x0 lib/orangescrt.a(fork.o)
 .note.GNU-stack
                0x0000000000000000        0x0 lib/orangescrt.a(wait.o)
 .note.GNU-stack
                0x0000000000000000        0x0 lib/orangescrt.a(exec.o)

Memory Configuration

Name             Origin             Length             Attributes
*default*        0x0000000000000000 0xffffffffffffffff

Linker script and memory map

Address of section .text set to 0x1000
LOAD kernel/kernel.o
LOAD kernel/start.o
LOAD kernel/main.o
LOAD kernel/clock.o
LOAD kernel/keyboard.o
LOAD kernel/tty.o
LOAD kernel/console.o
LOAD kernel/i8259.o
LOAD kernel/global.o
LOAD kernel/protect.o
LOAD kernel/proc.o
LOAD kernel/systask.o
LOAD kernel/hd.o
LOAD kernel/kliba.o
LOAD kernel/klib.o
LOAD kernel/welcome.o
LOAD lib/syslog.o
LOAD mm/main.o
LOAD mm/forkexit.o
LOAD mm/exec.o
LOAD fs/main.o
LOAD fs/open.o
LOAD fs/misc.o
LOAD fs/read_write.o
LOAD fs/link.o
LOAD fs/disklog.o
LOAD game/tictactoe.o
LOAD kernel/ano_schdule.o
LOAD lib/orangescrt.a
                [!provide]                        PROVIDE (__executable_start, 0x8048000)
                0x0000000008048094                . = (0x8048000 + SIZEOF_HEADERS)

.interp
 *(.interp)

.note.gnu.build-id
 *(.note.gnu.build-id)

.hash
 *(.hash)

.gnu.hash
 *(.gnu.hash)

.dynsym
 *(.dynsym)

.dynstr
 *(.dynstr)

.gnu.version
 *(.gnu.version)

.gnu.version_d
 *(.gnu.version_d)

.gnu.version_r
 *(.gnu.version_r)

.rel.dyn        0x0000000008048094        0x0
 *(.rel.init)
 *(.rel.text .rel.text.* .rel.gnu.linkonce.t.*)
 .rel.text      0x0000000008048094        0x0 kernel/kernel.o
 *(.rel.fini)
 *(.rel.rodata .rel.rodata.* .rel.gnu.linkonce.r.*)
 *(.rel.data.rel.ro .rel.data.rel.ro.* .rel.gnu.linkonce.d.rel.ro.*)
 *(.rel.data .rel.data.* .rel.gnu.linkonce.d.*)
 .rel.data      0x0000000008048094        0x0 kernel/kernel.o
 *(.rel.tdata .rel.tdata.* .rel.gnu.linkonce.td.*)
 *(.rel.tbss .rel.tbss.* .rel.gnu.linkonce.tb.*)
 *(.rel.ctors)
 *(.rel.dtors)
 *(.rel.got)
 *(.rel.bss .rel.bss.* .rel.gnu.linkonce.b.*)
 *(.rel.ifunc)

.rel.plt        0x0000000008048094        0x0
 *(.rel.plt)
                [!provide]                        PROVIDE (__rel_iplt_start, .)
 *(.rel.iplt)
 .rel.iplt      0x0000000008048094        0x0 kernel/kernel.o
                [!provide]                        PROVIDE (__rel_iplt_end, .)

.init
 *(SORT(.init))

.plt            0x00000000080480a0        0x0
 *(.plt)
 *(.iplt)
 .iplt          0x00000000080480a0        0x0 kernel/kernel.o

.plt.got
 *(.plt.got)

.text           0x0000000000001000    0x10798
 *(.text.unlikely .text.*_unlikely .text.unlikely.*)
 *(.text.exit .text.exit.*)
 *(.text.startup .text.startup.*)
 *(.text.hot .text.hot.*)
 *(.text .stub .text.* .gnu.linkonce.t.*)
 .text          0x0000000000001000      0x410 kernel/kernel.o
                0x0000000000001000                _start
                0x0000000000001040                hwint00
                0x0000000000001070                hwint01
                0x00000000000010a0                hwint02
                0x00000000000010d0                hwint03
                0x0000000000001100                hwint04
                0x0000000000001130                hwint05
                0x0000000000001160                hwint06
                0x0000000000001190                hwint07
                0x00000000000011c0                hwint08
                0x00000000000011f0                hwint09
                0x0000000000001220                hwint10
                0x0000000000001250                hwint11
                0x0000000000001280                hwint12
                0x00000000000012b0                hwint13
                0x00000000000012e0                hwint14
                0x0000000000001310                hwint15
                0x0000000000001334                divide_error
                0x000000000000133a                single_step_exception
                0x0000000000001340                nmi
                0x0000000000001346                breakpoint_exception
                0x000000000000134c                overflow
                0x0000000000001352                bounds_check
                0x0000000000001358                inval_opcode
                0x000000000000135e                copr_not_available
                0x0000000000001364                double_fault
                0x0000000000001368                copr_seg_overrun
                0x000000000000136e                inval_tss
                0x0000000000001372                segment_not_present
                0x0000000000001376                stack_exception
                0x000000000000137a                general_protection
                0x000000000000137e                page_fault
                0x0000000000001382                copr_error
                0x00000000000013cb                sys_call
                0x00000000000013eb                restart
 .text          0x0000000000001410       0x95 kernel/start.o
                0x0000000000001410                cstart
 .text          0x00000000000014a5     0x3a8f kernel/main.o
                0x00000000000014a5                kernel_main
                0x0000000000001812                get_ticks
                0x0000000000001846                untar
                0x0000000000001af0                clear
                0x0000000000001b23                shabby_shell
                0x0000000000002698                killpro
                0x0000000000002705                pausepro
                0x0000000000002772                resume
                0x00000000000027df                clearArr
                0x0000000000002808                getPos
                0x0000000000002841                len
                0x000000000000287c                vertify
                0x00000000000028a9                createFilepath
                0x000000000000296f                updateFileLogs
                0x0000000000002a3b                updateMyUsers
                0x0000000000002b1b                updateMyUsersPassword
                0x0000000000002bfb                addLog
                0x0000000000002d87                deleteLog
                0x0000000000002e92                showhelp
                0x0000000000002ffb                initFolder
                0x0000000000003022                initFs
                0x0000000000003628                createFolder
                0x000000000000371c                createFile
                0x0000000000003833                openFolder
                0x000000000000397c                readFile
                0x0000000000003a3e                editAppand
                0x0000000000003bba                editCover
                0x0000000000003cae                deleteFile
                0x000000000000401a                shift
                0x00000000000040ef                addUser
                0x000000000000422a                moveUser
                0x000000000000445c                pathCompare
                0x000000000000456b                pathFilter
                0x000000000000461c                ls
                0x0000000000004748                showProcess
                0x00000000000049c9                Init
                0x0000000000004b15                TestA
                0x0000000000004b1a                TestB
                0x0000000000004b1f                TestC
                0x0000000000004b24                panic
                0x0000000000004b6d                mainboom
                0x0000000000004e64                show_map
                0x0000000000004ece                win
 .text          0x0000000000004f34      0x195 kernel/clock.o
                0x0000000000004f34                clock_handler
                0x0000000000005037                milli_delay
                0x0000000000005071                init_clock
 .text          0x00000000000050c9      0x6da kernel/keyboard.o
                0x00000000000050c9                keyboard_handler
                0x0000000000005133                init_keyboard
                0x00000000000051e2                keyboard_read
 .text          0x00000000000057a3     0x12eb kernel/tty.o
                0x00000000000057a3                task_tty
                0x0000000000005a0f                in_process
                0x000000000000678e                sys_printx
                0x000000000000692d                dump_tty_buf
 .text          0x0000000000006a8e      0x824 kernel/console.o
                0x0000000000006a8e                init_screen
                0x0000000000006c02                out_char
                0x0000000000006ef2                clear_screen
                0x0000000000006f2c                is_current_console
                0x0000000000006f4f                set_cursor
                0x0000000000006fb7                set_video_start_addr
                0x000000000000701f                select_console
                0x000000000000705f                scroll_screen
                0x0000000000007243                flush
 .text          0x00000000000072b2      0x130 kernel/i8259.o
                0x00000000000072b2                init_8259A
                0x0000000000007387                spurious_irq
                0x00000000000073be                put_irq_handler
 .text          0x00000000000073e2        0x0 kernel/global.o
 .text          0x00000000000073e2      0x65f kernel/protect.o
                0x00000000000073e2                init_prot
                0x000000000000784a                seg2linear
                0x0000000000007899                init_desc
                0x0000000000007906                exception_handler
 .text          0x0000000000007a41     0x1709 kernel/proc.o
                0x0000000000007a41                schedule
                0x0000000000007ae6                sys_sendrec
                0x0000000000007c06                ldt_seg_linear
                0x0000000000007c50                va2la
                0x0000000000007cb1                reset_msg
                0x0000000000008b64                inform_int
                0x0000000000008cfb                dump_proc
                0x000000000000903d                dump_msg
 .text          0x000000000000914a      0x2bc kernel/systask.o
                0x000000000000914a                task_sys
 .text          0x0000000000009406      0xd1e kernel/hd.o
                0x0000000000009406                task_hd
                0x000000000000a0f9                hd_handler
 *fill*         0x000000000000a124        0xc 
 .text          0x000000000000a130      0x19a kernel/kliba.o
                0x000000000000a130                disp_str
                0x000000000000a16e                disp_color_str
                0x000000000000a1ad                out_byte
                0x000000000000a1b9                in_byte
                0x000000000000a1c3                port_read
                0x000000000000a1d6                port_write
                0x000000000000a1e9                disable_irq
                0x000000000000a21e                enable_irq
                0x000000000000a23d                disable_int
                0x000000000000a23f                enable_int
                0x000000000000a241                glitter
 .text          0x000000000000a2ca      0x2af kernel/klib.o
                0x000000000000a2ca                get_boot_params
                0x000000000000a350                get_kernel_map
                0x000000000000a460                itoa
                0x000000000000a50b                disp_int
                0x000000000000a532                delay
 .text          0x000000000000a579      0x206 kernel/welcome.o
                0x000000000000a579                welcomeAnimation
                0x000000000000a646                welcome
 .text          0x000000000000a77f       0x6f lib/syslog.o
                0x000000000000a77f                syslog
 .text          0x000000000000a7ee      0x1bc mm/main.o
                0x000000000000a7ee                task_mm
                0x000000000000a925                alloc_mem
                0x000000000000a9a0                free_mem
 .text          0x000000000000a9aa      0x5e5 mm/forkexit.o
                0x000000000000a9aa                do_fork
                0x000000000000ad0a                do_exit
                0x000000000000aed6                do_wait
 .text          0x000000000000af8f      0x356 mm/exec.o
                0x000000000000af8f                do_exec
 .text          0x000000000000b2e5     0x1116 fs/main.o
                0x000000000000b2e5                task_fs
                0x000000000000bde0                rw_sector
                0x000000000000c003                get_super_block
                0x000000000000c049                get_inode
                0x000000000000c1ac                put_inode
                0x000000000000c1ea                sync_inode
 .text          0x000000000000c3fb      0xa8a fs/open.o
                0x000000000000c3fb                do_open
                0x000000000000c880                do_close
                0x000000000000c8fb                do_lseek
 .text          0x000000000000ce85      0x3b2 fs/misc.o
                0x000000000000ce85                do_stat
                0x000000000000d056                search_file
                0x000000000000d1ac                strip_path
 .text          0x000000000000d237      0x366 fs/read_write.o
                0x000000000000d237                do_rdwt
 .text          0x000000000000d59d      0x713 fs/link.o
                0x000000000000d59d                do_unlink
 .text          0x000000000000dcb0     0x1f93 fs/disklog.o
                0x000000000000dcb0                disklog
                0x000000000000e1e0                dump_fd_graph
 .text          0x000000000000fc43      0xd4d game/tictactoe.o
                0x000000000000fc88                main_tic
 .text          0x0000000000010990      0x263 kernel/ano_schdule.o
                0x0000000000010990                need_to_flush
                0x00000000000109a3                ano_inc_tick
                0x00000000000109b6                ano_schdule
                0x0000000000010ac6                flush_proc
                0x0000000000010b25                set_proc_rank
                0x0000000000010b75                reset_proc_ticks
                0x0000000000010bb3                rank_valid
                0x0000000000010bd0                change_schd_policy
                0x0000000000010be9                get_schd_policy
 .text          0x0000000000010bf3       0xad lib/orangescrt.a(printf.o)
                0x0000000000010bf3                printf
                0x0000000000010c5e                printl
 .text          0x0000000000010ca0      0x305 lib/orangescrt.a(vsprintf.o)
                0x0000000000010cfe                vsprintf
                0x0000000000010f7f                sprintf
 *fill*         0x0000000000010fa5        0xb 
 .text          0x0000000000010fb0       0x78 lib/orangescrt.a(string.o)
                0x0000000000010fb0                memcpy
                0x0000000000010fd9                memset
                0x0000000000010ffa                strcpy
                0x0000000000011012                strlen
 .text          0x0000000000011028      0x256 lib/orangescrt.a(misc.o)
                0x0000000000011028                send_recv
                0x00000000000110e2                memcmp
                0x0000000000011158                strcmp
                0x00000000000111cb                strcat
                0x000000000001122a                spin
                0x0000000000011245                assertion_failure
 .text          0x000000000001127e       0x63 lib/orangescrt.a(open.o)
                0x000000000001127e                open
 .text          0x00000000000112e1       0x37 lib/orangescrt.a(read.o)
                0x00000000000112e1                read
 .text          0x0000000000011318       0x37 lib/orangescrt.a(write.o)
                0x0000000000011318                write
 .text          0x000000000001134f       0x2b lib/orangescrt.a(close.o)
                0x000000000001134f                close
 .text          0x000000000001137a       0x3c lib/orangescrt.a(unlink.o)
                0x000000000001137a                unlink
 .text          0x00000000000113b6       0x37 lib/orangescrt.a(lseek.o)
                0x00000000000113b6                lseek
 .text          0x00000000000113ed       0x46 lib/orangescrt.a(getpid.o)
                0x00000000000113ed                getpid
 .text          0x0000000000011433       0x63 lib/orangescrt.a(stat.o)
                0x0000000000011433                stat
 .text          0x0000000000011496       0x66 lib/orangescrt.a(fork.o)
                0x0000000000011496                fork
 .text          0x00000000000114fc       0x3c lib/orangescrt.a(wait.o)
                0x00000000000114fc                wait
 .text          0x0000000000011538      0x237 lib/orangescrt.a(exec.o)
                0x0000000000011538                exec
                0x00000000000115a3                execl
                0x00000000000115c8                execv
 *fill*         0x000000000001176f        0x1 
 .text          0x0000000000011770       0x28 lib/orangescrt.a(syscall.o)
                0x0000000000011770                sendrec
                0x000000000001178a                printx
 *(.gnu.warning)

.fini
 *(SORT(.fini))
                [!provide]                        PROVIDE (__etext, .)
                [!provide]                        PROVIDE (_etext, .)
                [!provide]                        PROVIDE (etext, .)

.rodata         0x00000000000117a0     0x324b
 *(.rodata .rodata.* .gnu.linkonce.r.*)
 .rodata        0x00000000000117a0       0x47 kernel/start.o
 *fill*         0x00000000000117e7       0x19 
 .rodata        0x0000000000011800      0xc35 kernel/main.o
 *fill*         0x0000000000012435        0x3 
 .rodata        0x0000000000012438       0x64 kernel/keyboard.o
 .rodata        0x000000000001249c      0x1b8 kernel/tty.o
 .rodata        0x0000000000012654       0x5b kernel/console.o
 .rodata        0x00000000000126af       0x11 kernel/i8259.o
 .rodata        0x00000000000126c0       0x10 kernel/global.o
                0x00000000000126c0                FSBUF_SIZE
                0x00000000000126c4                MMBUF_SIZE
                0x00000000000126c8                LOGBUF_SIZE
                0x00000000000126cc                LOGDISKBUF_SIZE
 *fill*         0x00000000000126d0       0x10 
 .rodata        0x00000000000126e0      0x580 kernel/protect.o
 .rodata        0x0000000000012c60      0x5da kernel/proc.o
 .rodata        0x000000000001323a       0x11 kernel/systask.o
 *fill*         0x000000000001324b        0x1 
 .rodata        0x000000000001324c      0x15c kernel/hd.o
 .rodata        0x00000000000133a8       0x6a kernel/klib.o
 *fill*         0x0000000000013412        0x2 
 .rodata        0x0000000000013414      0x35b kernel/welcome.o
 .rodata        0x000000000001376f       0x1e lib/syslog.o
 *fill*         0x000000000001378d        0x3 
 .rodata        0x0000000000013790       0xb1 mm/main.o
 *fill*         0x0000000000013841        0x3 
 .rodata        0x0000000000013844       0xe7 mm/forkexit.o
 *fill*         0x000000000001392b        0x1 
 .rodata        0x000000000001392c       0xa4 mm/exec.o
 .rodata        0x00000000000139d0      0x2ce fs/main.o
 *fill*         0x0000000000013c9e        0x2 
 .rodata        0x0000000000013ca0      0x134 fs/open.o
 .rodata        0x0000000000013dd4       0x60 fs/misc.o
 .rodata        0x0000000000013e34      0x122 fs/link.o
 *fill*         0x0000000000013f56        0x2 
 .rodata        0x0000000000013f58      0x7d6 fs/disklog.o
 *fill*         0x000000000001472e        0x2 
 .rodata        0x0000000000014730       0x8a game/tictactoe.o
 .rodata        0x00000000000147ba       0x4a kernel/ano_schdule.o
 .rodata        0x0000000000014804       0x14 lib/orangescrt.a(printf.o)
 .rodata        0x0000000000014818       0xad lib/orangescrt.a(misc.o)
 .rodata        0x00000000000148c5       0x23 lib/orangescrt.a(open.o)
 .rodata        0x00000000000148e8       0x25 lib/orangescrt.a(getpid.o)
 .rodata        0x000000000001490d       0x23 lib/orangescrt.a(stat.o)
 .rodata        0x0000000000014930       0x33 lib/orangescrt.a(fork.o)
 *fill*         0x0000000000014963        0x1 
 .rodata        0x0000000000014964       0x87 lib/orangescrt.a(exec.o)

.rodata1
 *(.rodata1)

.eh_frame_hdr
 *(.eh_frame_hdr)
 *(.eh_frame_entry .eh_frame_entry.*)

.eh_frame       0x00000000000149ec     0x1970
 *(.eh_frame)
 .eh_frame      0x00000000000149ec       0x38 kernel/start.o
 .eh_frame      0x0000000000014a24      0x568 kernel/main.o
                                        0x580 (size before relaxing)
 .eh_frame      0x0000000000014f8c       0x60 kernel/clock.o
                                         0x78 (size before relaxing)
 .eh_frame      0x0000000000014fec       0xe0 kernel/keyboard.o
                                         0xf8 (size before relaxing)
 .eh_frame      0x00000000000150cc      0x1bc kernel/tty.o
                                        0x1d4 (size before relaxing)
 .eh_frame      0x0000000000015288      0x144 kernel/console.o
                                        0x15c (size before relaxing)
 .eh_frame      0x00000000000153cc       0x60 kernel/i8259.o
                                         0x78 (size before relaxing)
 .eh_frame      0x000000000001542c       0xb0 kernel/protect.o
                                         0xc8 (size before relaxing)
 .eh_frame      0x00000000000154dc      0x1b8 kernel/proc.o
                                        0x1d0 (size before relaxing)
 .eh_frame      0x0000000000015694       0x5c kernel/systask.o
                                         0x74 (size before relaxing)
 .eh_frame      0x00000000000156f0      0x1c8 kernel/hd.o
                                        0x1e0 (size before relaxing)
 .eh_frame      0x00000000000158b8       0xa0 kernel/klib.o
                                         0xb8 (size before relaxing)
 .eh_frame      0x0000000000015958       0x40 kernel/welcome.o
                                         0x58 (size before relaxing)
 .eh_frame      0x0000000000015998       0x20 lib/syslog.o
                                         0x38 (size before relaxing)
 .eh_frame      0x00000000000159b8       0x7c mm/main.o
                                         0x94 (size before relaxing)
 .eh_frame      0x0000000000015a34       0x90 mm/forkexit.o
                                         0xa8 (size before relaxing)
 .eh_frame      0x0000000000015ac4       0x2c mm/exec.o
                                         0x44 (size before relaxing)
 .eh_frame      0x0000000000015af0      0x170 fs/main.o
                                        0x188 (size before relaxing)
 .eh_frame      0x0000000000015c60      0x120 fs/open.o
                                        0x138 (size before relaxing)
 .eh_frame      0x0000000000015d80       0x68 fs/misc.o
                                         0x80 (size before relaxing)
 .eh_frame      0x0000000000015de8       0x2c fs/read_write.o
                                         0x44 (size before relaxing)
 .eh_frame      0x0000000000015e14       0x2c fs/link.o
                                         0x44 (size before relaxing)
 .eh_frame      0x0000000000015e40       0x60 fs/disklog.o
                                         0x78 (size before relaxing)
 .eh_frame      0x0000000000015ea0       0xa0 game/tictactoe.o
                                         0xb8 (size before relaxing)
 .eh_frame      0x0000000000015f40      0x120 kernel/ano_schdule.o
                                        0x138 (size before relaxing)
 .eh_frame      0x0000000000016060       0x40 lib/orangescrt.a(printf.o)
                                         0x58 (size before relaxing)
 .eh_frame      0x00000000000160a0       0x60 lib/orangescrt.a(vsprintf.o)
                                         0x78 (size before relaxing)
 .eh_frame      0x0000000000016100       0xbc lib/orangescrt.a(misc.o)
                                         0xd4 (size before relaxing)
 .eh_frame      0x00000000000161bc       0x20 lib/orangescrt.a(open.o)
                                         0x38 (size before relaxing)
 .eh_frame      0x00000000000161dc       0x20 lib/orangescrt.a(read.o)
                                         0x38 (size before relaxing)
 .eh_frame      0x00000000000161fc       0x20 lib/orangescrt.a(write.o)
                                         0x38 (size before relaxing)
 .eh_frame      0x000000000001621c       0x20 lib/orangescrt.a(close.o)
                                         0x38 (size before relaxing)
 .eh_frame      0x000000000001623c       0x20 lib/orangescrt.a(unlink.o)
                                         0x38 (size before relaxing)
 .eh_frame      0x000000000001625c       0x20 lib/orangescrt.a(lseek.o)
                                         0x38 (size before relaxing)
 .eh_frame      0x000000000001627c       0x20 lib/orangescrt.a(getpid.o)
                                         0x38 (size before relaxing)
 .eh_frame      0x000000000001629c       0x20 lib/orangescrt.a(stat.o)
                                         0x38 (size before relaxing)
 .eh_frame      0x00000000000162bc       0x20 lib/orangescrt.a(fork.o)
                                         0x38 (size before relaxing)
 .eh_frame      0x00000000000162dc       0x20 lib/orangescrt.a(wait.o)
                                         0x38 (size before relaxing)
 .eh_frame      0x00000000000162fc       0x60 lib/orangescrt.a(exec.o)
                                         0x78 (size before relaxing)
 *(.eh_frame.*)

.gcc_except_table
 *(.gcc_except_table .gcc_except_table.*)

.gnu_extab
 *(.gnu_extab*)

.exception_ranges
 *(.exception_ranges .exception_ranges*)
                0x000000000001735c                . = DATA_SEGMENT_ALIGN (0x1000, 0x1000)

.eh_frame
 *(.eh_frame)
 *(.eh_frame.*)

.gnu_extab
 *(.gnu_extab)

.gcc_except_table
 *(.gcc_except_table .gcc_except_table.*)

.exception_ranges
 *(.exception_ranges .exception_ranges*)

.tdata
 *(.tdata .tdata.* .gnu.linkonce.td.*)

.tbss
 *(.tbss .tbss.* .gnu.linkonce.tb.*)
 *(.tcommon)

.preinit_array  0x000000000001735c        0x0
                [!provide]                        PROVIDE (__preinit_array_start, .)
 *(.preinit_array)
                [!provide]                        PROVIDE (__preinit_array_end, .)

.init_array     0x000000000001735c        0x0
                [!provide]                        PROVIDE (__init_array_start, .)
 *(SORT(.init_array.*) SORT(.ctors.*))
 *(.init_array EXCLUDE_FILE(*crtend?.o *crtend.o *crtbegin?.o *crtbegin.o) .ctors)
                [!provide]                        PROVIDE (__init_array_end, .)

.fini_array     0x000000000001735c        0x0
                [!provide]                        PROVIDE (__fini_array_start, .)
 *(SORT(.fini_array.*) SORT(.dtors.*))
 *(.fini_array EXCLUDE_FILE(*crtend?.o *crtend.o *crtbegin?.o *crtbegin.o) .dtors)
                [!provide]                        PROVIDE (__fini_array_end, .)

.ctors
 *crtbegin.o(.ctors)
 *crtbegin?.o(.ctors)
 *(EXCLUDE_FILE(*crtend?.o *crtend.o) .ctors)
 *(SORT(.ctors.*))
 *(.ctors)

.dtors
 *crtbegin.o(.dtors)
 *crtbegin?.o(.dtors)
 *(EXCLUDE_FILE(*crtend?.o *crtend.o) .dtors)
 *(SORT(.dtors.*))
 *(.dtors)

.jcr
 *(.jcr)

.data.rel.ro
 *(.data.rel.ro.local* .gnu.linkonce.d.rel.ro.local.*)
 *(.data.rel.ro .data.rel.ro.* .gnu.linkonce.d.rel.ro.*)

.dynamic
 *(.dynamic)

.got
 *(.got)
 *(.igot)
                0x000000000001735c                . = DATA_SEGMENT_RELRO_END (., (SIZEOF (.got.plt) >= 0xc)?0xc:0x0)

.got.plt        0x000000000001735c        0x0
 *(.got.plt)
 *(.igot.plt)
 .igot.plt      0x000000000001735c        0x0 kernel/kernel.o

.data           0x0000000000017360      0xad4
 *(.data .data.* .gnu.linkonce.d.*)
 .data          0x0000000000017360        0x2 kernel/kernel.o
 .data          0x0000000000017362        0x0 kernel/start.o
 *fill*         0x0000000000017362       0x1e 
 .data          0x0000000000017380      0x251 kernel/main.o
                0x0000000000017380                currentUser
                0x0000000000017400                currentFolder
                0x0000000000017480                users
                0x0000000000017580                map_hidden
 .data          0x00000000000175d1        0x0 kernel/clock.o
 *fill*         0x00000000000175d1        0xf 
 .data          0x00000000000175e0      0x600 kernel/keyboard.o
                0x00000000000175e0                keymap
 .data          0x0000000000017be0       0x22 kernel/tty.o
 .data          0x0000000000017c02        0x0 kernel/console.o
 .data          0x0000000000017c02        0x0 kernel/i8259.o
 *fill*         0x0000000000017c02       0x1e 
 .data          0x0000000000017c20      0x1b4 kernel/global.o
                0x0000000000017c20                task_table
                0x0000000000017d00                user_proc_table
                0x0000000000017da0                sys_call_table
                0x0000000000017dac                dd_map
                0x0000000000017dc4                fsbuf
                0x0000000000017dc8                mmbuf
                0x0000000000017dcc                logbuf
                0x0000000000017dd0                logdiskbuf
 .data          0x0000000000017dd4        0x0 kernel/protect.o
 .data          0x0000000000017dd4        0x0 kernel/proc.o
 .data          0x0000000000017dd4        0x0 kernel/systask.o
 .data          0x0000000000017dd4        0x0 kernel/hd.o
 .data          0x0000000000017dd4        0x0 kernel/klib.o
 .data          0x0000000000017dd4        0x0 kernel/welcome.o
 .data          0x0000000000017dd4        0x0 lib/syslog.o
 .data          0x0000000000017dd4        0x0 mm/main.o
 .data          0x0000000000017dd4        0x0 mm/forkexit.o
 .data          0x0000000000017dd4        0x0 mm/exec.o
 .data          0x0000000000017dd4        0x0 fs/main.o
 .data          0x0000000000017dd4        0x0 fs/open.o
 .data          0x0000000000017dd4        0x0 fs/misc.o
 .data          0x0000000000017dd4        0x0 fs/read_write.o
 .data          0x0000000000017dd4        0x0 fs/link.o
 .data          0x0000000000017dd4        0x0 fs/disklog.o
 *fill*         0x0000000000017dd4        0xc 
 .data          0x0000000000017de0       0x44 game/tictactoe.o
 .data          0x0000000000017e24       0x10 kernel/ano_schdule.o
                0x0000000000017e24                RANK_TICKS
 .data          0x0000000000017e34        0x0 lib/orangescrt.a(printf.o)
 .data          0x0000000000017e34        0x0 lib/orangescrt.a(vsprintf.o)
 .data          0x0000000000017e34        0x0 lib/orangescrt.a(misc.o)
 .data          0x0000000000017e34        0x0 lib/orangescrt.a(open.o)
 .data          0x0000000000017e34        0x0 lib/orangescrt.a(read.o)
 .data          0x0000000000017e34        0x0 lib/orangescrt.a(write.o)
 .data          0x0000000000017e34        0x0 lib/orangescrt.a(close.o)
 .data          0x0000000000017e34        0x0 lib/orangescrt.a(unlink.o)
 .data          0x0000000000017e34        0x0 lib/orangescrt.a(lseek.o)
 .data          0x0000000000017e34        0x0 lib/orangescrt.a(getpid.o)
 .data          0x0000000000017e34        0x0 lib/orangescrt.a(stat.o)
 .data          0x0000000000017e34        0x0 lib/orangescrt.a(fork.o)
 .data          0x0000000000017e34        0x0 lib/orangescrt.a(wait.o)
 .data          0x0000000000017e34        0x0 lib/orangescrt.a(exec.o)

.data1
 *(.data1)
                0x0000000000017e34                _edata = .
                [!provide]                        PROVIDE (edata, .)
                0x0000000000017e34                . = .
                0x0000000000017e34                __bss_start = .

.bss            0x0000000000017e40    0x2ea8c
 *(.dynbss)
 *(.bss .bss.* .gnu.linkonce.b.*)
 .bss           0x0000000000017e40      0x800 kernel/kernel.o
 .bss           0x0000000000018640        0x0 kernel/start.o
 .bss           0x0000000000018640       0x94 kernel/main.o
                0x0000000000018640                filepath
                0x00000000000186c0                filecount
                0x00000000000186c4                usercount
                0x00000000000186c8                isEntered
                0x00000000000186cc                UserState
                0x00000000000186d0                leiflag
 .bss           0x00000000000186d4        0x0 kernel/clock.o
 *fill*         0x00000000000186d4        0xc 
 .bss           0x00000000000186e0       0x58 kernel/keyboard.o
 .bss           0x0000000000018738        0x0 kernel/tty.o
 .bss           0x0000000000018738        0x0 kernel/console.o
 .bss           0x0000000000018738        0x0 kernel/i8259.o
 .bss           0x0000000000018738        0x0 kernel/global.o
 .bss           0x0000000000018738        0x0 kernel/protect.o
 .bss           0x0000000000018738        0x0 kernel/proc.o
 .bss           0x0000000000018738        0x0 kernel/systask.o
 *fill*         0x0000000000018738        0x8 
 .bss           0x0000000000018740      0x64c kernel/hd.o
 .bss           0x0000000000018d8c        0x0 kernel/klib.o
 .bss           0x0000000000018d8c        0x0 kernel/welcome.o
 .bss           0x0000000000018d8c        0x0 lib/syslog.o
 .bss           0x0000000000018d8c        0x0 mm/main.o
 .bss           0x0000000000018d8c        0x0 mm/forkexit.o
 .bss           0x0000000000018d8c        0x0 mm/exec.o
 .bss           0x0000000000018d8c        0x0 fs/main.o
 .bss           0x0000000000018d8c        0x0 fs/open.o
 .bss           0x0000000000018d8c        0x0 fs/misc.o
 .bss           0x0000000000018d8c        0x0 fs/read_write.o
 .bss           0x0000000000018d8c        0x0 fs/link.o
 *fill*         0x0000000000018d8c       0x14 
 .bss           0x0000000000018da0      0x208 fs/disklog.o
 .bss           0x0000000000018fa8        0x0 game/tictactoe.o
 .bss           0x0000000000018fa8        0x4 kernel/ano_schdule.o
 .bss           0x0000000000018fac        0x0 lib/orangescrt.a(printf.o)
 .bss           0x0000000000018fac        0x0 lib/orangescrt.a(vsprintf.o)
 .bss           0x0000000000018fac        0x0 lib/orangescrt.a(misc.o)
 .bss           0x0000000000018fac        0x0 lib/orangescrt.a(open.o)
 .bss           0x0000000000018fac        0x0 lib/orangescrt.a(read.o)
 .bss           0x0000000000018fac        0x0 lib/orangescrt.a(write.o)
 .bss           0x0000000000018fac        0x0 lib/orangescrt.a(close.o)
 .bss           0x0000000000018fac        0x0 lib/orangescrt.a(unlink.o)
 .bss           0x0000000000018fac        0x0 lib/orangescrt.a(lseek.o)
 .bss           0x0000000000018fac        0x0 lib/orangescrt.a(getpid.o)
 .bss           0x0000000000018fac        0x0 lib/orangescrt.a(stat.o)
 .bss           0x0000000000018fac        0x0 lib/orangescrt.a(fork.o)
 .bss           0x0000000000018fac        0x0 lib/orangescrt.a(wait.o)
 .bss           0x0000000000018fac        0x0 lib/orangescrt.a(exec.o)
 *(COMMON)
 *fill*         0x0000000000018fac       0x14 
 COMMON         0x0000000000018fc0     0x15e0 kernel/main.o
                0x0000000000018fc0                filequeue
                0x00000000000190a0                files
                0x0000000000019aa0                userfiles
                0x000000000001a4a0                passwords
 COMMON         0x000000000001a5a0    0x2c31c kernel/global.o
                0x000000000001a5a0                idt_ptr
                0x000000000001a5c0                inode_table
                0x000000000001b0c0                task_stack
                0x000000000003f0c0                k_reenter
                0x000000000003f0e0                gdt
                0x000000000003f4e0                current_console
                0x000000000003f4e4                pcaller
                0x000000000003f500                tty_table
                0x0000000000041b20                tss
                0x0000000000041ba0                fs_msg
                0x0000000000041bd0                memory_size
                0x0000000000041be0                f_desc_table
                0x0000000000041fe0                root_inode
                0x0000000000041fe4                disp_pos
                0x0000000000042000                mm_msg
                0x0000000000042030                key_pressed
                0x0000000000042034                gdt_ptr
                0x0000000000042040                idt
                0x0000000000042840                super_block
                0x0000000000042a20                ticks
                0x0000000000042a40                console_table
                0x0000000000042a80                irq_table
                0x0000000000042ac0                p_proc_ready
                0x0000000000042ae0                proc_table
 COMMON         0x00000000000468bc       0x10 kernel/hd.o
                0x00000000000468bc                PARTITION_ENTRY
                0x00000000000468cc                . = ALIGN ((. != 0x0)?0x4:0x1)
                0x00000000000468cc                . = ALIGN (0x4)
                0x00000000000468cc                . = SEGMENT_START ("ldata-segment", .)
                0x00000000000468cc                . = ALIGN (0x4)
                0x00000000000468cc                _end = .
                [!provide]                        PROVIDE (end, .)
                0x00000000000468cc                . = DATA_SEGMENT_END (.)

.stab
 *(.stab)

.stabstr
 *(.stabstr)

.stab.excl
 *(.stab.excl)

.stab.exclstr
 *(.stab.exclstr)

.stab.index
 *(.stab.index)

.stab.indexstr
 *(.stab.indexstr)

.comment        0x0000000000000000       0x35
 *(.comment)
 .comment       0x0000000000000000       0x35 kernel/start.o
                                         0x36 (size before relaxing)
 .comment       0x0000000000000035       0x36 kernel/main.o
 .comment       0x0000000000000035       0x36 kernel/clock.o
 .comment       0x0000000000000035       0x36 kernel/keyboard.o
 .comment       0x0000000000000035       0x36 kernel/tty.o
 .comment       0x0000000000000035       0x36 kernel/console.o
 .comment       0x0000000000000035       0x36 kernel/i8259.o
 .comment       0x0000000000000035       0x36 kernel/global.o
 .comment       0x0000000000000035       0x36 kernel/protect.o
 .comment       0x0000000000000035       0x36 kernel/proc.o
 .comment       0x0000000000000035       0x36 kernel/systask.o
 .comment       0x0000000000000035       0x36 kernel/hd.o
 .comment       0x0000000000000035       0x36 kernel/klib.o
 .comment       0x0000000000000035       0x36 kernel/welcome.o
 .comment       0x0000000000000035       0x36 lib/syslog.o
 .comment       0x0000000000000035       0x36 mm/main.o
 .comment       0x0000000000000035       0x36 mm/forkexit.o
 .comment       0x0000000000000035       0x36 mm/exec.o
 .comment       0x0000000000000035       0x36 fs/main.o
 .comment       0x0000000000000035       0x36 fs/open.o
 .comment       0x0000000000000035       0x36 fs/misc.o
 .comment       0x0000000000000035       0x36 fs/read_write.o
 .comment       0x0000000000000035       0x36 fs/link.o
 .comment       0x0000000000000035       0x36 fs/disklog.o
 .comment       0x0000000000000035       0x36 game/tictactoe.o
 .comment       0x0000000000000035       0x36 kernel/ano_schdule.o
 .comment       0x0000000000000035       0x36 lib/orangescrt.a(printf.o)
 .comment       0x0000000000000035       0x36 lib/orangescrt.a(vsprintf.o)
 .comment       0x0000000000000035       0x36 lib/orangescrt.a(misc.o)
 .comment       0x0000000000000035       0x36 lib/orangescrt.a(open.o)
 .comment       0x0000000000000035       0x36 lib/orangescrt.a(read.o)
 .comment       0x0000000000000035       0x36 lib/orangescrt.a(write.o)
 .comment       0x0000000000000035       0x36 lib/orangescrt.a(close.o)
 .comment       0x0000000000000035       0x36 lib/orangescrt.a(unlink.o)
 .comment       0x0000000000000035       0x36 lib/orangescrt.a(lseek.o)
 .comment       0x0000000000000035       0x36 lib/orangescrt.a(getpid.o)
 .comment       0x0000000000000035       0x36 lib/orangescrt.a(stat.o)
 .comment       0x0000000000000035       0x36 lib/orangescrt.a(fork.o)
 .comment       0x0000000000000035       0x36 lib/orangescrt.a(wait.o)
 .comment       0x0000000000000035       0x36 lib/orangescrt.a(exec.o)

.debug
 *(.debug)

.line
 *(.line)

.debug_srcinfo
 *(.debug_srcinfo)

.debug_sfnames
 *(.debug_sfnames)

.debug_aranges
 *(.debug_aranges)

.debug_pubnames
 *(.debug_pubnames)

.debug_info
 *(.debug_info .gnu.linkonce.wi.*)

.debug_abbrev
 *(.debug_abbrev)

.debug_line
 *(.debug_line .debug_line.* .debug_line_end)

.debug_frame
 *(.debug_frame)

.debug_str
 *(.debug_str)

.debug_loc
 *(.debug_loc)

.debug_macinfo
 *(.debug_macinfo)

.debug_weaknames
 *(.debug_weaknames)

.debug_funcnames
 *(.debug_funcnames)

.debug_typenames
 *(.debug_typenames)

.debug_varnames
 *(.debug_varnames)

.debug_pubtypes
 *(.debug_pubtypes)

.debug_ranges
 *(.debug_ranges)

.debug_macro
 *(.debug_macro)

.gnu.attributes
 *(.gnu.attributes)

/DISCARD/
 *(.note.GNU-stack)
 *(.gnu_debuglink)
 *(.gnu.lto_*)
OUTPUT(kernel.bin elf32-i386)
