由于文件 (符号) 而包含了归档成员

lib/orangescrt.a(printf.o)    kernel/main.o (printf)
lib/orangescrt.a(vsprintf.o)  kernel/main.o (vsprintf)
lib/orangescrt.a(string.o)    kernel/start.o (memcpy)
lib/orangescrt.a(misc.o)      kernel/main.o (send_recv)
lib/orangescrt.a(open.o)      kernel/main.o (open)
lib/orangescrt.a(read.o)      kernel/main.o (read)
lib/orangescrt.a(write.o)     kernel/main.o (write)
lib/orangescrt.a(close.o)     kernel/main.o (close)
lib/orangescrt.a(unlink.o)    kernel/main.o (unlink)
lib/orangescrt.a(lseek.o)     kernel/main.o (lseek)
lib/orangescrt.a(getpid.o)    lib/syslog.o (getpid)
lib/orangescrt.a(stat.o)      mm/exec.o (stat)
lib/orangescrt.a(fork.o)      kernel/main.o (fork)
lib/orangescrt.a(wait.o)      kernel/main.o (wait)
lib/orangescrt.a(exec.o)      kernel/main.o (execv)
lib/orangescrt.a(scanf.o)     kernel/main.o (scanf)
lib/orangescrt.a(nscanf.o)    lib/orangescrt.a(scanf.o) (nscanf)
lib/orangescrt.a(date.o)      kernel/main.o (date)
lib/orangescrt.a(syscall.o)   lib/orangescrt.a(misc.o) (sendrec)

分配公共符号
公共符号            大小              文件

filequeue           0xc8              kernel/main.o
idt_ptr             0x6               kernel/global.o
inode_table         0x2000            kernel/global.o
task_stack          0x24000           kernel/global.o
k_reenter           0x4               kernel/global.o
gdt                 0x400             kernel/global.o
current_console     0x4               kernel/global.o
pcaller             0x4               kernel/global.o
tty_table           0x2610            kernel/global.o
tss                 0x68              kernel/global.o
fs_msg              0x30              kernel/global.o
memory_size         0x4               kernel/global.o
f_desc_table        0x400             kernel/global.o
root_inode          0x4               kernel/global.o
disp_pos            0x4               kernel/global.o
files               0xa00             kernel/main.o
mm_msg              0x30              kernel/global.o
key_pressed         0x4               kernel/global.o
gdt_ptr             0x6               kernel/global.o
idt                 0x800             kernel/global.o
super_block         0x1e0             kernel/global.o
PARTITION_ENTRY     0x10              kernel/hd.o
ticks               0x4               kernel/global.o
console_table       0x3c              kernel/global.o
userfiles           0xa00             kernel/main.o
irq_table           0x40              kernel/global.o
p_proc_ready        0x4               kernel/global.o
proc_table          0x3ddc            kernel/global.o
passwords           0x100             kernel/main.o

舍弃的输入节

 .note.GNU-stack
                0x0000000000000000        0x0 kernel/start.o
 .note.GNU-stack
                0x0000000000000000        0x0 kernel/main.o
 .note.GNU-stack
                0x0000000000000000        0x0 kernel/clock.o
 .note.GNU-stack
                0x0000000000000000        0x0 kernel/keyboard.o
 .note.GNU-stack
                0x0000000000000000        0x0 kernel/tty.o
 .note.GNU-stack
                0x0000000000000000        0x0 kernel/console.o
 .note.GNU-stack
                0x0000000000000000        0x0 kernel/i8259.o
 .note.GNU-stack
                0x0000000000000000        0x0 kernel/global.o
 .note.GNU-stack
                0x0000000000000000        0x0 kernel/protect.o
 .note.GNU-stack
                0x0000000000000000        0x0 kernel/proc.o
 .note.GNU-stack
                0x0000000000000000        0x0 kernel/systask.o
 .note.GNU-stack
                0x0000000000000000        0x0 kernel/hd.o
 .note.GNU-stack
                0x0000000000000000        0x0 kernel/klib.o
 .note.GNU-stack
                0x0000000000000000        0x0 kernel/welcome.o
 .note.GNU-stack
                0x0000000000000000        0x0 lib/syslog.o
 .note.GNU-stack
                0x0000000000000000        0x0 mm/main.o
 .note.GNU-stack
                0x0000000000000000        0x0 mm/forkexit.o
 .note.GNU-stack
                0x0000000000000000        0x0 mm/exec.o
 .note.GNU-stack
                0x0000000000000000        0x0 fs/main.o
 .note.GNU-stack
                0x0000000000000000        0x0 fs/open.o
 .note.GNU-stack
                0x0000000000000000        0x0 fs/misc.o
 .note.GNU-stack
                0x0000000000000000        0x0 fs/read_write.o
 .note.GNU-stack
                0x0000000000000000        0x0 fs/link.o
 .note.GNU-stack
                0x0000000000000000        0x0 fs/disklog.o
 .note.GNU-stack
                0x0000000000000000        0x0 game/tictactoe.o
 .note.GNU-stack
                0x0000000000000000        0x0 game/boom.o
 .note.GNU-stack
                0x0000000000000000        0x0 kernel/ano_schdule.o
 .note.GNU-stack
                0x0000000000000000        0x0 lib/orangescrt.a(printf.o)
 .note.GNU-stack
                0x0000000000000000        0x0 lib/orangescrt.a(vsprintf.o)
 .note.GNU-stack
                0x0000000000000000        0x0 lib/orangescrt.a(misc.o)
 .note.GNU-stack
                0x0000000000000000        0x0 lib/orangescrt.a(open.o)
 .note.GNU-stack
                0x0000000000000000        0x0 lib/orangescrt.a(read.o)
 .note.GNU-stack
                0x0000000000000000        0x0 lib/orangescrt.a(write.o)
 .note.GNU-stack
                0x0000000000000000        0x0 lib/orangescrt.a(close.o)
 .note.GNU-stack
                0x0000000000000000        0x0 lib/orangescrt.a(unlink.o)
 .note.GNU-stack
                0x0000000000000000        0x0 lib/orangescrt.a(lseek.o)
 .note.GNU-stack
                0x0000000000000000        0x0 lib/orangescrt.a(getpid.o)
 .note.GNU-stack
                0x0000000000000000        0x0 lib/orangescrt.a(stat.o)
 .note.GNU-stack
                0x0000000000000000        0x0 lib/orangescrt.a(fork.o)
 .note.GNU-stack
                0x0000000000000000        0x0 lib/orangescrt.a(wait.o)
 .note.GNU-stack
                0x0000000000000000        0x0 lib/orangescrt.a(exec.o)
 .note.GNU-stack
                0x0000000000000000        0x0 lib/orangescrt.a(scanf.o)
 .note.GNU-stack
                0x0000000000000000        0x0 lib/orangescrt.a(nscanf.o)
 .note.GNU-stack
                0x0000000000000000        0x0 lib/orangescrt.a(date.o)

内存配置

名称           来源             长度             属性
*default*        0x0000000000000000 0xffffffffffffffff

链结器命令稿和内存映射

段 .text 的地址设置为 0x1000
LOAD kernel/kernel.o
LOAD kernel/start.o
LOAD kernel/main.o
LOAD kernel/clock.o
LOAD kernel/keyboard.o
LOAD kernel/tty.o
LOAD kernel/console.o
LOAD kernel/i8259.o
LOAD kernel/global.o
LOAD kernel/protect.o
LOAD kernel/proc.o
LOAD kernel/systask.o
LOAD kernel/hd.o
LOAD kernel/kliba.o
LOAD kernel/klib.o
LOAD kernel/welcome.o
LOAD lib/syslog.o
LOAD mm/main.o
LOAD mm/forkexit.o
LOAD mm/exec.o
LOAD fs/main.o
LOAD fs/open.o
LOAD fs/misc.o
LOAD fs/read_write.o
LOAD fs/link.o
LOAD fs/disklog.o
LOAD game/tictactoe.o
LOAD game/boom.o
LOAD kernel/ano_schdule.o
LOAD lib/orangescrt.a
                [!provide]                        PROVIDE (__executable_start, 0x8048000)
                0x0000000008048094                . = (0x8048000 + SIZEOF_HEADERS)

.interp
 *(.interp)

.note.gnu.build-id
 *(.note.gnu.build-id)

.hash
 *(.hash)

.gnu.hash
 *(.gnu.hash)

.dynsym
 *(.dynsym)

.dynstr
 *(.dynstr)

.gnu.version
 *(.gnu.version)

.gnu.version_d
 *(.gnu.version_d)

.gnu.version_r
 *(.gnu.version_r)

.rel.dyn        0x0000000008048094        0x0
 *(.rel.init)
 *(.rel.text .rel.text.* .rel.gnu.linkonce.t.*)
 .rel.text      0x0000000008048094        0x0 kernel/kernel.o
 *(.rel.fini)
 *(.rel.rodata .rel.rodata.* .rel.gnu.linkonce.r.*)
 *(.rel.data.rel.ro .rel.data.rel.ro.* .rel.gnu.linkonce.d.rel.ro.*)
 *(.rel.data .rel.data.* .rel.gnu.linkonce.d.*)
 .rel.data      0x0000000008048094        0x0 kernel/kernel.o
 *(.rel.tdata .rel.tdata.* .rel.gnu.linkonce.td.*)
 *(.rel.tbss .rel.tbss.* .rel.gnu.linkonce.tb.*)
 *(.rel.ctors)
 *(.rel.dtors)
 *(.rel.got)
 *(.rel.bss .rel.bss.* .rel.gnu.linkonce.b.*)
 *(.rel.ifunc)

.rel.plt        0x0000000008048094        0x0
 *(.rel.plt)
                [!provide]                        PROVIDE (__rel_iplt_start, .)
 *(.rel.iplt)
 .rel.iplt      0x0000000008048094        0x0 kernel/kernel.o
                [!provide]                        PROVIDE (__rel_iplt_end, .)

.init
 *(SORT(.init))

.plt            0x00000000080480a0        0x0
 *(.plt)
 *(.iplt)
 .iplt          0x00000000080480a0        0x0 kernel/kernel.o

.plt.got
 *(.plt.got)

.text           0x0000000000001000    0x12c28
 *(.text.unlikely .text.*_unlikely .text.unlikely.*)
 *(.text.exit .text.exit.*)
 *(.text.startup .text.startup.*)
 *(.text.hot .text.hot.*)
 *(.text .stub .text.* .gnu.linkonce.t.*)
 .text          0x0000000000001000      0x410 kernel/kernel.o
                0x0000000000001000                _start
                0x0000000000001040                hwint00
                0x0000000000001070                hwint01
                0x00000000000010a0                hwint02
                0x00000000000010d0                hwint03
                0x0000000000001100                hwint04
                0x0000000000001130                hwint05
                0x0000000000001160                hwint06
                0x0000000000001190                hwint07
                0x00000000000011c0                hwint08
                0x00000000000011f0                hwint09
                0x0000000000001220                hwint10
                0x0000000000001250                hwint11
                0x0000000000001280                hwint12
                0x00000000000012b0                hwint13
                0x00000000000012e0                hwint14
                0x0000000000001310                hwint15
                0x0000000000001334                divide_error
                0x000000000000133a                single_step_exception
                0x0000000000001340                nmi
                0x0000000000001346                breakpoint_exception
                0x000000000000134c                overflow
                0x0000000000001352                bounds_check
                0x0000000000001358                inval_opcode
                0x000000000000135e                copr_not_available
                0x0000000000001364                double_fault
                0x0000000000001368                copr_seg_overrun
                0x000000000000136e                inval_tss
                0x0000000000001372                segment_not_present
                0x0000000000001376                stack_exception
                0x000000000000137a                general_protection
                0x000000000000137e                page_fault
                0x0000000000001382                copr_error
                0x00000000000013cb                sys_call
                0x00000000000013eb                restart
 .text          0x0000000000001410       0x95 kernel/start.o
                0x0000000000001410                cstart
 .text          0x00000000000014a5     0x4855 kernel/main.o
                0x00000000000014a5                kernel_main
                0x0000000000001812                get_ticks
                0x0000000000001846                untar
                0x0000000000001af0                clear
                0x0000000000001b23                shabby_shell
                0x00000000000026b5                killpro
                0x0000000000002722                pausepro
                0x000000000000278f                resume
                0x00000000000027fc                clearArr
                0x0000000000002825                mkdir
                0x0000000000002868                convert_to_absolute
                0x00000000000028ed                CreateDir
                0x0000000000002951                getPos
                0x000000000000298a                len
                0x00000000000029c5                vertify
                0x00000000000029f2                createFilepath
                0x0000000000002ab8                updateFileLogs
                0x0000000000002b84                updateMyUsers
                0x0000000000002c64                updateMyUsersPassword
                0x0000000000002d44                addLog
                0x0000000000002ed0                deleteLog
                0x0000000000002fdb                showhelp
                0x0000000000003144                initFolder
                0x000000000000316b                initFs
                0x0000000000003771                createFolder
                0x0000000000003865                CreateFile
                0x00000000000038f9                openFolder
                0x0000000000003a42                readFile
                0x0000000000003b04                editAppand
                0x0000000000003c80                new_editAppand
                0x0000000000003e19                editCover
                0x0000000000003f20                new_editCover
                0x0000000000004031                deleteFile
                0x000000000000439d                shift
                0x0000000000004472                addUser
                0x00000000000045ad                moveUser
                0x00000000000047c5                pathCompare
                0x00000000000048d4                pathFilter
                0x0000000000004985                old_ls
                0x0000000000004ab1                ls
                0x0000000000004af4                showProcess
                0x0000000000004d75                Init
                0x0000000000004ec1                TestA
                0x0000000000004ec6                TestB
                0x0000000000004ecb                TestC
                0x0000000000004ed0                panic
                0x0000000000004f19                GoDir
                0x000000000000514e                DeleteFile
                0x00000000000051b2                ReadFile
                0x000000000000526c                textPad
                0x0000000000005bde                showPr
                0x0000000000005cad                my_date
 .text          0x0000000000005cfa      0x195 kernel/clock.o
                0x0000000000005cfa                clock_handler
                0x0000000000005dfd                milli_delay
                0x0000000000005e37                init_clock
 .text          0x0000000000005e8f      0x6da kernel/keyboard.o
                0x0000000000005e8f                keyboard_handler
                0x0000000000005ef9                init_keyboard
                0x0000000000005fa8                keyboard_read
 .text          0x0000000000006569     0x12eb kernel/tty.o
                0x0000000000006569                task_tty
                0x00000000000067d5                in_process
                0x0000000000007554                sys_printx
                0x00000000000076f3                dump_tty_buf
 .text          0x0000000000007854      0x824 kernel/console.o
                0x0000000000007854                init_screen
                0x00000000000079c8                out_char
                0x0000000000007cb8                clear_screen
                0x0000000000007cf2                is_current_console
                0x0000000000007d15                set_cursor
                0x0000000000007d7d                set_video_start_addr
                0x0000000000007de5                select_console
                0x0000000000007e25                scroll_screen
                0x0000000000008009                flush
 .text          0x0000000000008078      0x130 kernel/i8259.o
                0x0000000000008078                init_8259A
                0x000000000000814d                spurious_irq
                0x0000000000008184                put_irq_handler
 .text          0x00000000000081a8        0x0 kernel/global.o
 .text          0x00000000000081a8      0x65f kernel/protect.o
                0x00000000000081a8                init_prot
                0x0000000000008610                seg2linear
                0x000000000000865f                init_desc
                0x00000000000086cc                exception_handler
 .text          0x0000000000008807     0x1709 kernel/proc.o
                0x0000000000008807                schedule
                0x00000000000088ac                sys_sendrec
                0x00000000000089cc                ldt_seg_linear
                0x0000000000008a16                va2la
                0x0000000000008a77                reset_msg
                0x000000000000992a                inform_int
                0x0000000000009ac1                dump_proc
                0x0000000000009e03                dump_msg
 .text          0x0000000000009f10      0x2bc kernel/systask.o
                0x0000000000009f10                task_sys
 .text          0x000000000000a1cc      0xd1e kernel/hd.o
                0x000000000000a1cc                task_hd
                0x000000000000aebf                hd_handler
 *fill*         0x000000000000aeea        0x6 
 .text          0x000000000000aef0      0x19a kernel/kliba.o
                0x000000000000aef0                disp_str
                0x000000000000af2e                disp_color_str
                0x000000000000af6d                out_byte
                0x000000000000af79                in_byte
                0x000000000000af83                port_read
                0x000000000000af96                port_write
                0x000000000000afa9                disable_irq
                0x000000000000afde                enable_irq
                0x000000000000affd                disable_int
                0x000000000000afff                enable_int
                0x000000000000b001                glitter
 .text          0x000000000000b08a      0x2af kernel/klib.o
                0x000000000000b08a                get_boot_params
                0x000000000000b110                get_kernel_map
                0x000000000000b220                itoa
                0x000000000000b2cb                disp_int
                0x000000000000b2f2                delay
 .text          0x000000000000b339      0x206 kernel/welcome.o
                0x000000000000b339                welcomeAnimation
                0x000000000000b406                welcome
 .text          0x000000000000b53f       0xd1 lib/syslog.o
                0x000000000000b53f                syslog
 .text          0x000000000000b610      0x1bc mm/main.o
                0x000000000000b610                task_mm
                0x000000000000b747                alloc_mem
                0x000000000000b7c2                free_mem
 .text          0x000000000000b7cc      0x5e5 mm/forkexit.o
                0x000000000000b7cc                do_fork
                0x000000000000bb2c                do_exit
                0x000000000000bcf8                do_wait
 .text          0x000000000000bdb1      0x356 mm/exec.o
                0x000000000000bdb1                do_exec
 .text          0x000000000000c107      0xec5 fs/main.o
                0x000000000000c107                task_fs
                0x000000000000cabe                rw_sector
                0x000000000000cce1                get_super_block
                0x000000000000cd27                get_inode
                0x000000000000ce96                put_inode
                0x000000000000ceab                sync_inode
 .text          0x000000000000cfcc      0xe07 fs/open.o
                0x000000000000cfcc                do_open
                0x000000000000d4aa                do_close
                0x000000000000d525                do_lseek
                0x000000000000dad1                do_ls
                0x000000000000dcda                do_mkdir
 .text          0x000000000000ddd3      0x509 fs/misc.o
                0x000000000000ddd3                do_stat
                0x000000000000dfa4                search_file
                0x000000000000e0ff                strip_path
 .text          0x000000000000e2dc      0x366 fs/read_write.o
                0x000000000000e2dc                do_rdwt
 .text          0x000000000000e642     0x101a fs/link.o
                0x000000000000e642                do_unlink
                0x000000000000ee64                do_unlink2
                0x000000000000f5c4                convert_to_absolute2
 .text          0x000000000000f65c     0x1f8d fs/disklog.o
                0x000000000000f65c                disklog
                0x000000000000fb8c                dump_fd_graph
 .text          0x00000000000115e9      0xcc5 game/tictactoe.o
                0x000000000001162e                main_tic
 .text          0x00000000000122ae      0x3c7 game/boom.o
                0x00000000000122ae                mainboom
                0x00000000000125a5                show_map
                0x000000000001260f                win
 .text          0x0000000000012675      0x281 kernel/ano_schdule.o
                0x0000000000012675                need_to_flush
                0x0000000000012698                ano_inc_tick
                0x00000000000126b6                ano_schdule
                0x00000000000127c6                flush_proc
                0x0000000000012825                set_proc_rank
                0x0000000000012875                reset_proc_ticks
                0x00000000000128b6                rank_valid
                0x00000000000128d3                change_schd_policy
                0x00000000000128ec                get_schd_policy
 .text          0x00000000000128f6       0xad lib/orangescrt.a(printf.o)
                0x00000000000128f6                printf
                0x0000000000012961                printl
 .text          0x00000000000129a3      0x305 lib/orangescrt.a(vsprintf.o)
                0x0000000000012a01                vsprintf
                0x0000000000012c82                sprintf
 *fill*         0x0000000000012ca8        0x8 
 .text          0x0000000000012cb0       0x78 lib/orangescrt.a(string.o)
                0x0000000000012cb0                memcpy
                0x0000000000012cd9                memset
                0x0000000000012cfa                strcpy
                0x0000000000012d12                strlen
 .text          0x0000000000012d28      0x256 lib/orangescrt.a(misc.o)
                0x0000000000012d28                send_recv
                0x0000000000012de2                memcmp
                0x0000000000012e58                strcmp
                0x0000000000012ecb                strcat
                0x0000000000012f2a                spin
                0x0000000000012f45                assertion_failure
 .text          0x0000000000012f7e       0x63 lib/orangescrt.a(open.o)
                0x0000000000012f7e                open
 .text          0x0000000000012fe1       0x37 lib/orangescrt.a(read.o)
                0x0000000000012fe1                read
 .text          0x0000000000013018       0x37 lib/orangescrt.a(write.o)
                0x0000000000013018                write
 .text          0x000000000001304f       0x2b lib/orangescrt.a(close.o)
                0x000000000001304f                close
 .text          0x000000000001307a       0x3c lib/orangescrt.a(unlink.o)
                0x000000000001307a                unlink
 .text          0x00000000000130b6       0x37 lib/orangescrt.a(lseek.o)
                0x00000000000130b6                lseek
 .text          0x00000000000130ed       0x46 lib/orangescrt.a(getpid.o)
                0x00000000000130ed                getpid
 .text          0x0000000000013133       0x63 lib/orangescrt.a(stat.o)
                0x0000000000013133                stat
 .text          0x0000000000013196       0x66 lib/orangescrt.a(fork.o)
                0x0000000000013196                fork
 .text          0x00000000000131fc       0x3c lib/orangescrt.a(wait.o)
                0x00000000000131fc                wait
 .text          0x0000000000013238      0x237 lib/orangescrt.a(exec.o)
                0x0000000000013238                exec
                0x00000000000132a3                execl
                0x00000000000132c8                execv
 .text          0x000000000001346f       0x5a lib/orangescrt.a(scanf.o)
                0x000000000001346f                scanf
 .text          0x00000000000134c9      0x6de lib/orangescrt.a(nscanf.o)
                0x000000000001357e                nscanf
 .text          0x0000000000013ba7       0x4e lib/orangescrt.a(date.o)
                0x0000000000013ba7                date
 *fill*         0x0000000000013bf5        0xb 
 .text          0x0000000000013c00       0x28 lib/orangescrt.a(syscall.o)
                0x0000000000013c00                sendrec
                0x0000000000013c1a                printx
 *(.gnu.warning)

.fini
 *(SORT(.fini))
                [!provide]                        PROVIDE (__etext, .)
                [!provide]                        PROVIDE (_etext, .)
                [!provide]                        PROVIDE (etext, .)

.rodata         0x0000000000013c40     0x398e
 *(.rodata .rodata.* .gnu.linkonce.r.*)
 .rodata        0x0000000000013c40       0x47 kernel/start.o
 *fill*         0x0000000000013c87        0x1 
 .rodata        0x0000000000013c88     0x117d kernel/main.o
 *fill*         0x0000000000014e05        0x3 
 .rodata        0x0000000000014e08       0x64 kernel/keyboard.o
 .rodata        0x0000000000014e6c      0x1b8 kernel/tty.o
 .rodata        0x0000000000015024       0x5b kernel/console.o
 .rodata        0x000000000001507f       0x11 kernel/i8259.o
 .rodata        0x0000000000015090       0x10 kernel/global.o
                0x0000000000015090                FSBUF_SIZE
                0x0000000000015094                MMBUF_SIZE
                0x0000000000015098                LOGBUF_SIZE
                0x000000000001509c                LOGDISKBUF_SIZE
 .rodata        0x00000000000150a0      0x580 kernel/protect.o
 .rodata        0x0000000000015620      0x5da kernel/proc.o
 .rodata        0x0000000000015bfa       0x11 kernel/systask.o
 *fill*         0x0000000000015c0b        0x1 
 .rodata        0x0000000000015c0c      0x15c kernel/hd.o
 .rodata        0x0000000000015d68       0x6a kernel/klib.o
 *fill*         0x0000000000015dd2        0x2 
 .rodata        0x0000000000015dd4      0x3fb kernel/welcome.o
 .rodata        0x00000000000161cf       0x32 lib/syslog.o
 *fill*         0x0000000000016201        0x3 
 .rodata        0x0000000000016204       0xb1 mm/main.o
 *fill*         0x00000000000162b5        0x3 
 .rodata        0x00000000000162b8       0xe7 mm/forkexit.o
 *fill*         0x000000000001639f        0x1 
 .rodata        0x00000000000163a0       0xa4 mm/exec.o
 .rodata        0x0000000000016444      0x21c fs/main.o
 .rodata        0x0000000000016660      0x1e7 fs/open.o
 *fill*         0x0000000000016847        0x1 
 .rodata        0x0000000000016848       0x60 fs/misc.o
 .rodata        0x00000000000168a8      0x17e fs/link.o
 *fill*         0x0000000000016a26        0x2 
 .rodata        0x0000000000016a28      0x7d6 fs/disklog.o
 *fill*         0x00000000000171fe        0x2 
 .rodata        0x0000000000017200       0x94 game/tictactoe.o
 *fill*         0x0000000000017294        0xc 
 .rodata        0x00000000000172a0       0xd7 game/boom.o
 .rodata        0x0000000000017377       0x4a kernel/ano_schdule.o
 .rodata        0x00000000000173c1       0x14 lib/orangescrt.a(printf.o)
 *fill*         0x00000000000173d5        0x3 
 .rodata        0x00000000000173d8       0xad lib/orangescrt.a(misc.o)
 .rodata        0x0000000000017485       0x23 lib/orangescrt.a(open.o)
 .rodata        0x00000000000174a8       0x25 lib/orangescrt.a(getpid.o)
 .rodata        0x00000000000174cd       0x23 lib/orangescrt.a(stat.o)
 .rodata        0x00000000000174f0       0x33 lib/orangescrt.a(fork.o)
 *fill*         0x0000000000017523        0x1 
 .rodata        0x0000000000017524       0x87 lib/orangescrt.a(exec.o)
 .rodata        0x00000000000175ab       0x23 lib/orangescrt.a(date.o)

.rodata1
 *(.rodata1)

.eh_frame_hdr
 *(.eh_frame_hdr)
 *(.eh_frame_entry .eh_frame_entry.*)

.eh_frame       0x00000000000175d0     0x1cb0
 *(.eh_frame)
 .eh_frame      0x00000000000175d0       0x38 kernel/start.o
 .eh_frame      0x0000000000017608      0x6a0 kernel/main.o
                                        0x6b8 (松开之前的大小)
 .eh_frame      0x0000000000017ca8       0x60 kernel/clock.o
                                         0x78 (松开之前的大小)
 .eh_frame      0x0000000000017d08       0xe0 kernel/keyboard.o
                                         0xf8 (松开之前的大小)
 .eh_frame      0x0000000000017de8      0x1bc kernel/tty.o
                                        0x1d4 (松开之前的大小)
 .eh_frame      0x0000000000017fa4      0x144 kernel/console.o
                                        0x15c (松开之前的大小)
 .eh_frame      0x00000000000180e8       0x60 kernel/i8259.o
                                         0x78 (松开之前的大小)
 .eh_frame      0x0000000000018148       0xb0 kernel/protect.o
                                         0xc8 (松开之前的大小)
 .eh_frame      0x00000000000181f8      0x1b8 kernel/proc.o
                                        0x1d0 (松开之前的大小)
 .eh_frame      0x00000000000183b0       0x5c kernel/systask.o
                                         0x74 (松开之前的大小)
 .eh_frame      0x000000000001840c      0x1c8 kernel/hd.o
                                        0x1e0 (松开之前的大小)
 .eh_frame      0x00000000000185d4       0xa0 kernel/klib.o
                                         0xb8 (松开之前的大小)
 .eh_frame      0x0000000000018674       0x40 kernel/welcome.o
                                         0x58 (松开之前的大小)
 .eh_frame      0x00000000000186b4       0x20 lib/syslog.o
                                         0x38 (松开之前的大小)
 .eh_frame      0x00000000000186d4       0x7c mm/main.o
                                         0x94 (松开之前的大小)
 .eh_frame      0x0000000000018750       0x90 mm/forkexit.o
                                         0xa8 (松开之前的大小)
 .eh_frame      0x00000000000187e0       0x2c mm/exec.o
                                         0x44 (松开之前的大小)
 .eh_frame      0x000000000001880c      0x170 fs/main.o
                                        0x188 (松开之前的大小)
 .eh_frame      0x000000000001897c      0x168 fs/open.o
                                        0x180 (松开之前的大小)
 .eh_frame      0x0000000000018ae4       0x6c fs/misc.o
                                         0x84 (松开之前的大小)
 .eh_frame      0x0000000000018b50       0x2c fs/read_write.o
                                         0x44 (松开之前的大小)
 .eh_frame      0x0000000000018b7c       0x78 fs/link.o
                                         0x90 (松开之前的大小)
 .eh_frame      0x0000000000018bf4       0x60 fs/disklog.o
                                         0x78 (松开之前的大小)
 .eh_frame      0x0000000000018c54       0xa0 game/tictactoe.o
                                         0xb8 (松开之前的大小)
 .eh_frame      0x0000000000018cf4       0x70 game/boom.o
                                         0x88 (松开之前的大小)
 .eh_frame      0x0000000000018d64      0x120 kernel/ano_schdule.o
                                        0x138 (松开之前的大小)
 .eh_frame      0x0000000000018e84       0x40 lib/orangescrt.a(printf.o)
                                         0x58 (松开之前的大小)
 .eh_frame      0x0000000000018ec4       0x60 lib/orangescrt.a(vsprintf.o)
                                         0x78 (松开之前的大小)
 .eh_frame      0x0000000000018f24       0xbc lib/orangescrt.a(misc.o)
                                         0xd4 (松开之前的大小)
 .eh_frame      0x0000000000018fe0       0x20 lib/orangescrt.a(open.o)
                                         0x38 (松开之前的大小)
 .eh_frame      0x0000000000019000       0x20 lib/orangescrt.a(read.o)
                                         0x38 (松开之前的大小)
 .eh_frame      0x0000000000019020       0x20 lib/orangescrt.a(write.o)
                                         0x38 (松开之前的大小)
 .eh_frame      0x0000000000019040       0x20 lib/orangescrt.a(close.o)
                                         0x38 (松开之前的大小)
 .eh_frame      0x0000000000019060       0x20 lib/orangescrt.a(unlink.o)
                                         0x38 (松开之前的大小)
 .eh_frame      0x0000000000019080       0x20 lib/orangescrt.a(lseek.o)
                                         0x38 (松开之前的大小)
 .eh_frame      0x00000000000190a0       0x20 lib/orangescrt.a(getpid.o)
                                         0x38 (松开之前的大小)
 .eh_frame      0x00000000000190c0       0x20 lib/orangescrt.a(stat.o)
                                         0x38 (松开之前的大小)
 .eh_frame      0x00000000000190e0       0x20 lib/orangescrt.a(fork.o)
                                         0x38 (松开之前的大小)
 .eh_frame      0x0000000000019100       0x20 lib/orangescrt.a(wait.o)
                                         0x38 (松开之前的大小)
 .eh_frame      0x0000000000019120       0x60 lib/orangescrt.a(exec.o)
                                         0x78 (松开之前的大小)
 .eh_frame      0x0000000000019180       0x20 lib/orangescrt.a(scanf.o)
                                         0x38 (松开之前的大小)
 .eh_frame      0x00000000000191a0       0xc0 lib/orangescrt.a(nscanf.o)
                                         0xd8 (松开之前的大小)
 .eh_frame      0x0000000000019260       0x20 lib/orangescrt.a(date.o)
                                         0x38 (松开之前的大小)
 *(.eh_frame.*)

.gcc_except_table
 *(.gcc_except_table .gcc_except_table.*)

.gnu_extab
 *(.gnu_extab*)

.exception_ranges
 *(.exception_ranges .exception_ranges*)
                0x000000000001a280                . = DATA_SEGMENT_ALIGN (0x1000, 0x1000)

.eh_frame
 *(.eh_frame)
 *(.eh_frame.*)

.gnu_extab
 *(.gnu_extab)

.gcc_except_table
 *(.gcc_except_table .gcc_except_table.*)

.exception_ranges
 *(.exception_ranges .exception_ranges*)

.tdata
 *(.tdata .tdata.* .gnu.linkonce.td.*)

.tbss
 *(.tbss .tbss.* .gnu.linkonce.tb.*)
 *(.tcommon)

.preinit_array  0x000000000001a280        0x0
                [!provide]                        PROVIDE (__preinit_array_start, .)
 *(.preinit_array)
                [!provide]                        PROVIDE (__preinit_array_end, .)

.init_array     0x000000000001a280        0x0
                [!provide]                        PROVIDE (__init_array_start, .)
 *(SORT(.init_array.*) SORT(.ctors.*))
 *(.init_array EXCLUDE_FILE(*crtend?.o *crtend.o *crtbegin?.o *crtbegin.o) .ctors)
                [!provide]                        PROVIDE (__init_array_end, .)

.fini_array     0x000000000001a280        0x0
                [!provide]                        PROVIDE (__fini_array_start, .)
 *(SORT(.fini_array.*) SORT(.dtors.*))
 *(.fini_array EXCLUDE_FILE(*crtend?.o *crtend.o *crtbegin?.o *crtbegin.o) .dtors)
                [!provide]                        PROVIDE (__fini_array_end, .)

.ctors
 *crtbegin.o(.ctors)
 *crtbegin?.o(.ctors)
 *(EXCLUDE_FILE(*crtend?.o *crtend.o) .ctors)
 *(SORT(.ctors.*))
 *(.ctors)

.dtors
 *crtbegin.o(.dtors)
 *crtbegin?.o(.dtors)
 *(EXCLUDE_FILE(*crtend?.o *crtend.o) .dtors)
 *(SORT(.dtors.*))
 *(.dtors)

.jcr
 *(.jcr)

.data.rel.ro
 *(.data.rel.ro.local* .gnu.linkonce.d.rel.ro.local.*)
 *(.data.rel.ro .data.rel.ro.* .gnu.linkonce.d.rel.ro.*)

.dynamic
 *(.dynamic)

.got
 *(.got)
 *(.igot)
                0x000000000001a280                . = DATA_SEGMENT_RELRO_END (., (SIZEOF (.got.plt) >= 0xc)?0xc:0x0)

.got.plt        0x000000000001a280        0x0
 *(.got.plt)
 *(.igot.plt)
 .igot.plt      0x000000000001a280        0x0 kernel/kernel.o

.data           0x000000000001a280      0xce0
 *(.data .data.* .gnu.linkonce.d.*)
 .data          0x000000000001a280        0x2 kernel/kernel.o
 .data          0x000000000001a282        0x0 kernel/start.o
 *fill*         0x000000000001a282       0x1e 
 .data          0x000000000001a2a0      0x400 kernel/main.o
                0x000000000001a2a0                current_dirr
                0x000000000001a4a0                currentUser
                0x000000000001a520                currentFolder
                0x000000000001a5a0                users
 .data          0x000000000001a6a0        0x0 kernel/clock.o
 .data          0x000000000001a6a0      0x600 kernel/keyboard.o
                0x000000000001a6a0                keymap
 .data          0x000000000001aca0       0x22 kernel/tty.o
 .data          0x000000000001acc2        0x0 kernel/console.o
 .data          0x000000000001acc2        0x0 kernel/i8259.o
 *fill*         0x000000000001acc2       0x1e 
 .data          0x000000000001ace0      0x1b4 kernel/global.o
                0x000000000001ace0                task_table
                0x000000000001adc0                user_proc_table
                0x000000000001ae60                sys_call_table
                0x000000000001ae6c                dd_map
                0x000000000001ae84                fsbuf
                0x000000000001ae88                mmbuf
                0x000000000001ae8c                logbuf
                0x000000000001ae90                logdiskbuf
 .data          0x000000000001ae94        0x0 kernel/protect.o
 .data          0x000000000001ae94        0x0 kernel/proc.o
 .data          0x000000000001ae94        0x0 kernel/systask.o
 .data          0x000000000001ae94        0x0 kernel/hd.o
 .data          0x000000000001ae94        0x0 kernel/klib.o
 .data          0x000000000001ae94        0x0 kernel/welcome.o
 .data          0x000000000001ae94        0x0 lib/syslog.o
 .data          0x000000000001ae94        0x0 mm/main.o
 .data          0x000000000001ae94        0x0 mm/forkexit.o
 .data          0x000000000001ae94        0x0 mm/exec.o
 .data          0x000000000001ae94        0x0 fs/main.o
 .data          0x000000000001ae94        0x0 fs/open.o
 .data          0x000000000001ae94        0x0 fs/misc.o
 .data          0x000000000001ae94        0x0 fs/read_write.o
 .data          0x000000000001ae94        0x0 fs/link.o
 .data          0x000000000001ae94        0x0 fs/disklog.o
 *fill*         0x000000000001ae94        0xc 
 .data          0x000000000001aea0       0x44 game/tictactoe.o
 *fill*         0x000000000001aee4       0x1c 
 .data          0x000000000001af00       0x51 game/boom.o
                0x000000000001af00                map_hidden
 *fill*         0x000000000001af51        0x3 
 .data          0x000000000001af54        0xc kernel/ano_schdule.o
                0x000000000001af54                RANK_TICKS
 .data          0x000000000001af60        0x0 lib/orangescrt.a(printf.o)
 .data          0x000000000001af60        0x0 lib/orangescrt.a(vsprintf.o)
 .data          0x000000000001af60        0x0 lib/orangescrt.a(misc.o)
 .data          0x000000000001af60        0x0 lib/orangescrt.a(open.o)
 .data          0x000000000001af60        0x0 lib/orangescrt.a(read.o)
 .data          0x000000000001af60        0x0 lib/orangescrt.a(write.o)
 .data          0x000000000001af60        0x0 lib/orangescrt.a(close.o)
 .data          0x000000000001af60        0x0 lib/orangescrt.a(unlink.o)
 .data          0x000000000001af60        0x0 lib/orangescrt.a(lseek.o)
 .data          0x000000000001af60        0x0 lib/orangescrt.a(getpid.o)
 .data          0x000000000001af60        0x0 lib/orangescrt.a(stat.o)
 .data          0x000000000001af60        0x0 lib/orangescrt.a(fork.o)
 .data          0x000000000001af60        0x0 lib/orangescrt.a(wait.o)
 .data          0x000000000001af60        0x0 lib/orangescrt.a(exec.o)
 .data          0x000000000001af60        0x0 lib/orangescrt.a(scanf.o)
 .data          0x000000000001af60        0x0 lib/orangescrt.a(nscanf.o)
 .data          0x000000000001af60        0x0 lib/orangescrt.a(date.o)

.data1
 *(.data1)
                0x000000000001af60                _edata = .
                [!provide]                        PROVIDE (edata, .)
                0x000000000001af60                . = .
                0x000000000001af60                __bss_start = .

.bss            0x000000000001af60    0x2ff8c
 *(.dynbss)
 *(.bss .bss.* .gnu.linkonce.b.*)
 .bss           0x000000000001af60      0x800 kernel/kernel.o
 .bss           0x000000000001b760        0x0 kernel/start.o
 .bss           0x000000000001b760       0x94 kernel/main.o
                0x000000000001b760                filepath
                0x000000000001b7e0                filecount
                0x000000000001b7e4                usercount
                0x000000000001b7e8                isEntered
                0x000000000001b7ec                UserState
                0x000000000001b7f0                leiflag
 .bss           0x000000000001b7f4        0x0 kernel/clock.o
 *fill*         0x000000000001b7f4        0xc 
 .bss           0x000000000001b800       0x58 kernel/keyboard.o
 .bss           0x000000000001b858        0x0 kernel/tty.o
 .bss           0x000000000001b858        0x0 kernel/console.o
 .bss           0x000000000001b858        0x0 kernel/i8259.o
 .bss           0x000000000001b858        0x0 kernel/global.o
 .bss           0x000000000001b858        0x0 kernel/protect.o
 .bss           0x000000000001b858        0x0 kernel/proc.o
 .bss           0x000000000001b858        0x0 kernel/systask.o
 *fill*         0x000000000001b858        0x8 
 .bss           0x000000000001b860      0x64c kernel/hd.o
 .bss           0x000000000001beac        0x0 kernel/klib.o
 .bss           0x000000000001beac        0x0 kernel/welcome.o
 .bss           0x000000000001beac        0x0 lib/syslog.o
 .bss           0x000000000001beac        0x0 mm/main.o
 .bss           0x000000000001beac        0x0 mm/forkexit.o
 .bss           0x000000000001beac        0x0 mm/exec.o
 .bss           0x000000000001beac        0x0 fs/main.o
 .bss           0x000000000001beac        0x0 fs/open.o
 .bss           0x000000000001beac        0x0 fs/misc.o
 .bss           0x000000000001beac        0x0 fs/read_write.o
 .bss           0x000000000001beac        0x0 fs/link.o
 *fill*         0x000000000001beac       0x14 
 .bss           0x000000000001bec0      0x208 fs/disklog.o
 .bss           0x000000000001c0c8        0x0 game/tictactoe.o
 .bss           0x000000000001c0c8        0x0 game/boom.o
 .bss           0x000000000001c0c8        0x8 kernel/ano_schdule.o
 .bss           0x000000000001c0d0        0x0 lib/orangescrt.a(printf.o)
 .bss           0x000000000001c0d0        0x0 lib/orangescrt.a(vsprintf.o)
 .bss           0x000000000001c0d0        0x0 lib/orangescrt.a(misc.o)
 .bss           0x000000000001c0d0        0x0 lib/orangescrt.a(open.o)
 .bss           0x000000000001c0d0        0x0 lib/orangescrt.a(read.o)
 .bss           0x000000000001c0d0        0x0 lib/orangescrt.a(write.o)
 .bss           0x000000000001c0d0        0x0 lib/orangescrt.a(close.o)
 .bss           0x000000000001c0d0        0x0 lib/orangescrt.a(unlink.o)
 .bss           0x000000000001c0d0        0x0 lib/orangescrt.a(lseek.o)
 .bss           0x000000000001c0d0        0x0 lib/orangescrt.a(getpid.o)
 .bss           0x000000000001c0d0        0x0 lib/orangescrt.a(stat.o)
 .bss           0x000000000001c0d0        0x0 lib/orangescrt.a(fork.o)
 .bss           0x000000000001c0d0        0x0 lib/orangescrt.a(wait.o)
 .bss           0x000000000001c0d0        0x0 lib/orangescrt.a(exec.o)
 .bss           0x000000000001c0d0        0x0 lib/orangescrt.a(scanf.o)
 .bss           0x000000000001c0d0        0x0 lib/orangescrt.a(nscanf.o)
 .bss           0x000000000001c0d0        0x0 lib/orangescrt.a(date.o)
 *(COMMON)
 *fill*         0x000000000001c0d0       0x10 
 COMMON         0x000000000001c0e0     0x15e0 kernel/main.o
                0x000000000001c0e0                filequeue
                0x000000000001c1c0                files
                0x000000000001cbc0                userfiles
                0x000000000001d5c0                passwords
 COMMON         0x000000000001d6c0    0x2d81c kernel/global.o
                0x000000000001d6c0                idt_ptr
                0x000000000001d6e0                inode_table
                0x000000000001f6e0                task_stack
                0x00000000000436e0                k_reenter
                0x0000000000043700                gdt
                0x0000000000043b00                current_console
                0x0000000000043b04                pcaller
                0x0000000000043b20                tty_table
                0x0000000000046140                tss
                0x00000000000461c0                fs_msg
                0x00000000000461f0                memory_size
                0x0000000000046200                f_desc_table
                0x0000000000046600                root_inode
                0x0000000000046604                disp_pos
                0x0000000000046620                mm_msg
                0x0000000000046650                key_pressed
                0x0000000000046654                gdt_ptr
                0x0000000000046660                idt
                0x0000000000046e60                super_block
                0x0000000000047040                ticks
                0x0000000000047060                console_table
                0x00000000000470a0                irq_table
                0x00000000000470e0                p_proc_ready
                0x0000000000047100                proc_table
 COMMON         0x000000000004aedc       0x10 kernel/hd.o
                0x000000000004aedc                PARTITION_ENTRY
                0x000000000004aeec                . = ALIGN ((. != 0x0)?0x4:0x1)
                0x000000000004aeec                . = ALIGN (0x4)
                0x000000000004aeec                . = SEGMENT_START ("ldata-segment", .)
                0x000000000004aeec                . = ALIGN (0x4)
                0x000000000004aeec                _end = .
                [!provide]                        PROVIDE (end, .)
                0x000000000004aeec                . = DATA_SEGMENT_END (.)

.stab
 *(.stab)

.stabstr
 *(.stabstr)

.stab.excl
 *(.stab.excl)

.stab.exclstr
 *(.stab.exclstr)

.stab.index
 *(.stab.index)

.stab.indexstr
 *(.stab.indexstr)

.comment        0x0000000000000000       0x35
 *(.comment)
 .comment       0x0000000000000000       0x35 kernel/start.o
                                         0x36 (松开之前的大小)
 .comment       0x0000000000000035       0x36 kernel/main.o
 .comment       0x0000000000000035       0x36 kernel/clock.o
 .comment       0x0000000000000035       0x36 kernel/keyboard.o
 .comment       0x0000000000000035       0x36 kernel/tty.o
 .comment       0x0000000000000035       0x36 kernel/console.o
 .comment       0x0000000000000035       0x36 kernel/i8259.o
 .comment       0x0000000000000035       0x36 kernel/global.o
 .comment       0x0000000000000035       0x36 kernel/protect.o
 .comment       0x0000000000000035       0x36 kernel/proc.o
 .comment       0x0000000000000035       0x36 kernel/systask.o
 .comment       0x0000000000000035       0x36 kernel/hd.o
 .comment       0x0000000000000035       0x36 kernel/klib.o
 .comment       0x0000000000000035       0x36 kernel/welcome.o
 .comment       0x0000000000000035       0x36 lib/syslog.o
 .comment       0x0000000000000035       0x36 mm/main.o
 .comment       0x0000000000000035       0x36 mm/forkexit.o
 .comment       0x0000000000000035       0x36 mm/exec.o
 .comment       0x0000000000000035       0x36 fs/main.o
 .comment       0x0000000000000035       0x36 fs/open.o
 .comment       0x0000000000000035       0x36 fs/misc.o
 .comment       0x0000000000000035       0x36 fs/read_write.o
 .comment       0x0000000000000035       0x36 fs/link.o
 .comment       0x0000000000000035       0x36 fs/disklog.o
 .comment       0x0000000000000035       0x36 game/tictactoe.o
 .comment       0x0000000000000035       0x36 game/boom.o
 .comment       0x0000000000000035       0x36 kernel/ano_schdule.o
 .comment       0x0000000000000035       0x36 lib/orangescrt.a(printf.o)
 .comment       0x0000000000000035       0x36 lib/orangescrt.a(vsprintf.o)
 .comment       0x0000000000000035       0x36 lib/orangescrt.a(misc.o)
 .comment       0x0000000000000035       0x36 lib/orangescrt.a(open.o)
 .comment       0x0000000000000035       0x36 lib/orangescrt.a(read.o)
 .comment       0x0000000000000035       0x36 lib/orangescrt.a(write.o)
 .comment       0x0000000000000035       0x36 lib/orangescrt.a(close.o)
 .comment       0x0000000000000035       0x36 lib/orangescrt.a(unlink.o)
 .comment       0x0000000000000035       0x36 lib/orangescrt.a(lseek.o)
 .comment       0x0000000000000035       0x36 lib/orangescrt.a(getpid.o)
 .comment       0x0000000000000035       0x36 lib/orangescrt.a(stat.o)
 .comment       0x0000000000000035       0x36 lib/orangescrt.a(fork.o)
 .comment       0x0000000000000035       0x36 lib/orangescrt.a(wait.o)
 .comment       0x0000000000000035       0x36 lib/orangescrt.a(exec.o)
 .comment       0x0000000000000035       0x36 lib/orangescrt.a(scanf.o)
 .comment       0x0000000000000035       0x36 lib/orangescrt.a(nscanf.o)
 .comment       0x0000000000000035       0x36 lib/orangescrt.a(date.o)

.debug
 *(.debug)

.line
 *(.line)

.debug_srcinfo
 *(.debug_srcinfo)

.debug_sfnames
 *(.debug_sfnames)

.debug_aranges
 *(.debug_aranges)

.debug_pubnames
 *(.debug_pubnames)

.debug_info
 *(.debug_info .gnu.linkonce.wi.*)

.debug_abbrev
 *(.debug_abbrev)

.debug_line
 *(.debug_line .debug_line.* .debug_line_end)

.debug_frame
 *(.debug_frame)

.debug_str
 *(.debug_str)

.debug_loc
 *(.debug_loc)

.debug_macinfo
 *(.debug_macinfo)

.debug_weaknames
 *(.debug_weaknames)

.debug_funcnames
 *(.debug_funcnames)

.debug_typenames
 *(.debug_typenames)

.debug_varnames
 *(.debug_varnames)

.debug_pubtypes
 *(.debug_pubtypes)

.debug_ranges
 *(.debug_ranges)

.debug_macro
 *(.debug_macro)

.gnu.attributes
 *(.gnu.attributes)

/DISCARD/
 *(.note.GNU-stack)
 *(.gnu_debuglink)
 *(.gnu.lto_*)
OUTPUT(kernel.bin elf32-i386)
