Archive member included to satisfy reference by file (symbol)

lib/orangescrt.a(printf.o)    kernel/main.o (printf)
lib/orangescrt.a(vsprintf.o)  kernel/main.o (vsprintf)
lib/orangescrt.a(string.o)    kernel/start.o (memcpy)
lib/orangescrt.a(misc.o)      kernel/main.o (send_recv)
lib/orangescrt.a(open.o)      kernel/main.o (open)
lib/orangescrt.a(read.o)      kernel/main.o (read)
lib/orangescrt.a(write.o)     kernel/main.o (write)
lib/orangescrt.a(close.o)     kernel/main.o (close)
lib/orangescrt.a(unlink.o)    kernel/main.o (unlink)
lib/orangescrt.a(lseek.o)     kernel/main.o (lseek)
lib/orangescrt.a(getpid.o)    fs/disklog.o (getpid)
lib/orangescrt.a(stat.o)      mm/exec.o (stat)
lib/orangescrt.a(fork.o)      kernel/main.o (fork)
lib/orangescrt.a(wait.o)      kernel/main.o (wait)
lib/orangescrt.a(exec.o)      kernel/main.o (execv)
lib/orangescrt.a(scanf.o)     kernel/main.o (scanf)
lib/orangescrt.a(nscanf.o)    lib/orangescrt.a(scanf.o) (nscanf)
lib/orangescrt.a(syscall.o)   lib/orangescrt.a(misc.o) (sendrec)

Allocating common symbols
Common symbol       size              file

filequeue           0xc8              kernel/main.o
idt_ptr             0x6               kernel/global.o
inode_table         0xb00             kernel/global.o
task_stack          0x24000           kernel/global.o
k_reenter           0x4               kernel/global.o
gdt                 0x400             kernel/global.o
current_console     0x4               kernel/global.o
pcaller             0x4               kernel/global.o
tty_table           0x2610            kernel/global.o
tss                 0x68              kernel/global.o
fs_msg              0x30              kernel/global.o
memory_size         0x4               kernel/global.o
f_desc_table        0x400             kernel/global.o
root_inode          0x4               kernel/global.o
disp_pos            0x4               kernel/global.o
files               0xa00             kernel/main.o
mm_msg              0x30              kernel/global.o
key_pressed         0x4               kernel/global.o
gdt_ptr             0x6               kernel/global.o
idt                 0x800             kernel/global.o
super_block         0x1e0             kernel/global.o
PARTITION_ENTRY     0x10              kernel/hd.o
ticks               0x4               kernel/global.o
console_table       0x3c              kernel/global.o
userfiles           0xa00             kernel/main.o
irq_table           0x40              kernel/global.o
p_proc_ready        0x4               kernel/global.o
proc_table          0x3ddc            kernel/global.o
passwords           0x100             kernel/main.o

Discarded input sections

 .note.GNU-stack
                0x0000000000000000        0x0 kernel/start.o
 .note.GNU-stack
                0x0000000000000000        0x0 kernel/main.o
 .note.GNU-stack
                0x0000000000000000        0x0 kernel/clock.o
 .note.GNU-stack
                0x0000000000000000        0x0 kernel/keyboard.o
 .note.GNU-stack
                0x0000000000000000        0x0 kernel/tty.o
 .note.GNU-stack
                0x0000000000000000        0x0 kernel/console.o
 .note.GNU-stack
                0x0000000000000000        0x0 kernel/i8259.o
 .note.GNU-stack
                0x0000000000000000        0x0 kernel/global.o
 .note.GNU-stack
                0x0000000000000000        0x0 kernel/protect.o
 .note.GNU-stack
                0x0000000000000000        0x0 kernel/proc.o
 .note.GNU-stack
                0x0000000000000000        0x0 kernel/systask.o
 .note.GNU-stack
                0x0000000000000000        0x0 kernel/hd.o
 .note.GNU-stack
                0x0000000000000000        0x0 kernel/klib.o
 .note.GNU-stack
                0x0000000000000000        0x0 kernel/welcome.o
 .note.GNU-stack
                0x0000000000000000        0x0 lib/syslog.o
 .note.GNU-stack
                0x0000000000000000        0x0 mm/main.o
 .note.GNU-stack
                0x0000000000000000        0x0 mm/forkexit.o
 .note.GNU-stack
                0x0000000000000000        0x0 mm/exec.o
 .note.GNU-stack
                0x0000000000000000        0x0 fs/main.o
 .note.GNU-stack
                0x0000000000000000        0x0 fs/open.o
 .note.GNU-stack
                0x0000000000000000        0x0 fs/misc.o
 .note.GNU-stack
                0x0000000000000000        0x0 fs/read_write.o
 .note.GNU-stack
                0x0000000000000000        0x0 fs/link.o
 .note.GNU-stack
                0x0000000000000000        0x0 fs/disklog.o
 .note.GNU-stack
                0x0000000000000000        0x0 game/tictactoe.o
 .note.GNU-stack
                0x0000000000000000        0x0 kernel/ano_schdule.o
 .note.GNU-stack
                0x0000000000000000        0x0 lib/orangescrt.a(printf.o)
 .note.GNU-stack
                0x0000000000000000        0x0 lib/orangescrt.a(vsprintf.o)
 .note.GNU-stack
                0x0000000000000000        0x0 lib/orangescrt.a(misc.o)
 .note.GNU-stack
                0x0000000000000000        0x0 lib/orangescrt.a(open.o)
 .note.GNU-stack
                0x0000000000000000        0x0 lib/orangescrt.a(read.o)
 .note.GNU-stack
                0x0000000000000000        0x0 lib/orangescrt.a(write.o)
 .note.GNU-stack
                0x0000000000000000        0x0 lib/orangescrt.a(close.o)
 .note.GNU-stack
                0x0000000000000000        0x0 lib/orangescrt.a(unlink.o)
 .note.GNU-stack
                0x0000000000000000        0x0 lib/orangescrt.a(lseek.o)
 .note.GNU-stack
                0x0000000000000000        0x0 lib/orangescrt.a(getpid.o)
 .note.GNU-stack
                0x0000000000000000        0x0 lib/orangescrt.a(stat.o)
 .note.GNU-stack
                0x0000000000000000        0x0 lib/orangescrt.a(fork.o)
 .note.GNU-stack
                0x0000000000000000        0x0 lib/orangescrt.a(wait.o)
 .note.GNU-stack
                0x0000000000000000        0x0 lib/orangescrt.a(exec.o)
 .note.GNU-stack
                0x0000000000000000        0x0 lib/orangescrt.a(scanf.o)
 .note.GNU-stack
                0x0000000000000000        0x0 lib/orangescrt.a(nscanf.o)

Memory Configuration

Name             Origin             Length             Attributes
*default*        0x0000000000000000 0xffffffffffffffff

Linker script and memory map

Address of section .text set to 0x1000
LOAD kernel/kernel.o
LOAD kernel/start.o
LOAD kernel/main.o
LOAD kernel/clock.o
LOAD kernel/keyboard.o
LOAD kernel/tty.o
LOAD kernel/console.o
LOAD kernel/i8259.o
LOAD kernel/global.o
LOAD kernel/protect.o
LOAD kernel/proc.o
LOAD kernel/systask.o
LOAD kernel/hd.o
LOAD kernel/kliba.o
LOAD kernel/klib.o
LOAD kernel/welcome.o
LOAD lib/syslog.o
LOAD mm/main.o
LOAD mm/forkexit.o
LOAD mm/exec.o
LOAD fs/main.o
LOAD fs/open.o
LOAD fs/misc.o
LOAD fs/read_write.o
LOAD fs/link.o
LOAD fs/disklog.o
LOAD game/tictactoe.o
LOAD kernel/ano_schdule.o
LOAD lib/orangescrt.a
                [!provide]                        PROVIDE (__executable_start, 0x8048000)
                0x0000000008048094                . = (0x8048000 + SIZEOF_HEADERS)

.interp
 *(.interp)

.note.gnu.build-id
 *(.note.gnu.build-id)

.hash
 *(.hash)

.gnu.hash
 *(.gnu.hash)

.dynsym
 *(.dynsym)

.dynstr
 *(.dynstr)

.gnu.version
 *(.gnu.version)

.gnu.version_d
 *(.gnu.version_d)

.gnu.version_r
 *(.gnu.version_r)

.rel.dyn        0x0000000008048094        0x0
 *(.rel.init)
 *(.rel.text .rel.text.* .rel.gnu.linkonce.t.*)
 .rel.text      0x0000000008048094        0x0 kernel/kernel.o
 *(.rel.fini)
 *(.rel.rodata .rel.rodata.* .rel.gnu.linkonce.r.*)
 *(.rel.data.rel.ro .rel.data.rel.ro.* .rel.gnu.linkonce.d.rel.ro.*)
 *(.rel.data .rel.data.* .rel.gnu.linkonce.d.*)
 .rel.data      0x0000000008048094        0x0 kernel/kernel.o
 *(.rel.tdata .rel.tdata.* .rel.gnu.linkonce.td.*)
 *(.rel.tbss .rel.tbss.* .rel.gnu.linkonce.tb.*)
 *(.rel.ctors)
 *(.rel.dtors)
 *(.rel.got)
 *(.rel.bss .rel.bss.* .rel.gnu.linkonce.b.*)
 *(.rel.ifunc)

.rel.plt        0x0000000008048094        0x0
 *(.rel.plt)
                [!provide]                        PROVIDE (__rel_iplt_start, .)
 *(.rel.iplt)
 .rel.iplt      0x0000000008048094        0x0 kernel/kernel.o
                [!provide]                        PROVIDE (__rel_iplt_end, .)

.init
 *(SORT(.init))

.plt            0x00000000080480a0        0x0
 *(.plt)
 *(.iplt)
 .iplt          0x00000000080480a0        0x0 kernel/kernel.o

.plt.got
 *(.plt.got)

.text           0x0000000000001000    0x10f38
 *(.text.unlikely .text.*_unlikely .text.unlikely.*)
 *(.text.exit .text.exit.*)
 *(.text.startup .text.startup.*)
 *(.text.hot .text.hot.*)
 *(.text .stub .text.* .gnu.linkonce.t.*)
 .text          0x0000000000001000      0x410 kernel/kernel.o
                0x0000000000001000                _start
                0x0000000000001040                hwint00
                0x0000000000001070                hwint01
                0x00000000000010a0                hwint02
                0x00000000000010d0                hwint03
                0x0000000000001100                hwint04
                0x0000000000001130                hwint05
                0x0000000000001160                hwint06
                0x0000000000001190                hwint07
                0x00000000000011c0                hwint08
                0x00000000000011f0                hwint09
                0x0000000000001220                hwint10
                0x0000000000001250                hwint11
                0x0000000000001280                hwint12
                0x00000000000012b0                hwint13
                0x00000000000012e0                hwint14
                0x0000000000001310                hwint15
                0x0000000000001334                divide_error
                0x000000000000133a                single_step_exception
                0x0000000000001340                nmi
                0x0000000000001346                breakpoint_exception
                0x000000000000134c                overflow
                0x0000000000001352                bounds_check
                0x0000000000001358                inval_opcode
                0x000000000000135e                copr_not_available
                0x0000000000001364                double_fault
                0x0000000000001368                copr_seg_overrun
                0x000000000000136e                inval_tss
                0x0000000000001372                segment_not_present
                0x0000000000001376                stack_exception
                0x000000000000137a                general_protection
                0x000000000000137e                page_fault
                0x0000000000001382                copr_error
                0x00000000000013cb                sys_call
                0x00000000000013eb                restart
 .text          0x0000000000001410       0x95 kernel/start.o
                0x0000000000001410                cstart
 .text          0x00000000000014a5     0x3b41 kernel/main.o
                0x00000000000014a5                kernel_main
                0x0000000000001812                get_ticks
                0x0000000000001846                untar
                0x0000000000001af0                clear
                0x0000000000001b23                shabby_shell
                0x000000000000274a                killpro
                0x00000000000027b7                pausepro
                0x0000000000002824                resume
                0x0000000000002891                clearArr
                0x00000000000028ba                getPos
                0x00000000000028f3                len
                0x000000000000292e                vertify
                0x000000000000295b                createFilepath
                0x0000000000002a21                updateFileLogs
                0x0000000000002aed                updateMyUsers
                0x0000000000002bcd                updateMyUsersPassword
                0x0000000000002cad                addLog
                0x0000000000002e39                deleteLog
                0x0000000000002f44                showhelp
                0x00000000000030ad                initFolder
                0x00000000000030d4                initFs
                0x00000000000036da                createFolder
                0x00000000000037ce                createFile
                0x00000000000038e5                openFolder
                0x0000000000003a2e                readFile
                0x0000000000003af0                editAppand
                0x0000000000003c6c                editCover
                0x0000000000003d60                deleteFile
                0x00000000000040cc                shift
                0x00000000000041a1                addUser
                0x00000000000042dc                moveUser
                0x000000000000450e                pathCompare
                0x000000000000461d                pathFilter
                0x00000000000046ce                ls
                0x00000000000047fa                showProcess
                0x0000000000004a7b                Init
                0x0000000000004bc7                TestA
                0x0000000000004bcc                TestB
                0x0000000000004bd1                TestC
                0x0000000000004bd6                panic
                0x0000000000004c1f                mainboom
                0x0000000000004f16                show_map
                0x0000000000004f80                win
 .text          0x0000000000004fe6      0x195 kernel/clock.o
                0x0000000000004fe6                clock_handler
                0x00000000000050e9                milli_delay
                0x0000000000005123                init_clock
 .text          0x000000000000517b      0x6da kernel/keyboard.o
                0x000000000000517b                keyboard_handler
                0x00000000000051e5                init_keyboard
                0x0000000000005294                keyboard_read
 .text          0x0000000000005855     0x12eb kernel/tty.o
                0x0000000000005855                task_tty
                0x0000000000005ac1                in_process
                0x0000000000006840                sys_printx
                0x00000000000069df                dump_tty_buf
 .text          0x0000000000006b40      0x824 kernel/console.o
                0x0000000000006b40                init_screen
                0x0000000000006cb4                out_char
                0x0000000000006fa4                clear_screen
                0x0000000000006fde                is_current_console
                0x0000000000007001                set_cursor
                0x0000000000007069                set_video_start_addr
                0x00000000000070d1                select_console
                0x0000000000007111                scroll_screen
                0x00000000000072f5                flush
 .text          0x0000000000007364      0x130 kernel/i8259.o
                0x0000000000007364                init_8259A
                0x0000000000007439                spurious_irq
                0x0000000000007470                put_irq_handler
 .text          0x0000000000007494        0x0 kernel/global.o
 .text          0x0000000000007494      0x65f kernel/protect.o
                0x0000000000007494                init_prot
                0x00000000000078fc                seg2linear
                0x000000000000794b                init_desc
                0x00000000000079b8                exception_handler
 .text          0x0000000000007af3     0x1709 kernel/proc.o
                0x0000000000007af3                schedule
                0x0000000000007b98                sys_sendrec
                0x0000000000007cb8                ldt_seg_linear
                0x0000000000007d02                va2la
                0x0000000000007d63                reset_msg
                0x0000000000008c16                inform_int
                0x0000000000008dad                dump_proc
                0x00000000000090ef                dump_msg
 .text          0x00000000000091fc      0x2bc kernel/systask.o
                0x00000000000091fc                task_sys
 .text          0x00000000000094b8      0xd1e kernel/hd.o
                0x00000000000094b8                task_hd
                0x000000000000a1ab                hd_handler
 *fill*         0x000000000000a1d6        0xa 
 .text          0x000000000000a1e0      0x19a kernel/kliba.o
                0x000000000000a1e0                disp_str
                0x000000000000a21e                disp_color_str
                0x000000000000a25d                out_byte
                0x000000000000a269                in_byte
                0x000000000000a273                port_read
                0x000000000000a286                port_write
                0x000000000000a299                disable_irq
                0x000000000000a2ce                enable_irq
                0x000000000000a2ed                disable_int
                0x000000000000a2ef                enable_int
                0x000000000000a2f1                glitter
 .text          0x000000000000a37a      0x2af kernel/klib.o
                0x000000000000a37a                get_boot_params
                0x000000000000a400                get_kernel_map
                0x000000000000a510                itoa
                0x000000000000a5bb                disp_int
                0x000000000000a5e2                delay
 .text          0x000000000000a629      0x206 kernel/welcome.o
                0x000000000000a629                welcomeAnimation
                0x000000000000a6f6                welcome
 .text          0x000000000000a82f       0x6f lib/syslog.o
                0x000000000000a82f                syslog
 .text          0x000000000000a89e      0x1bc mm/main.o
                0x000000000000a89e                task_mm
                0x000000000000a9d5                alloc_mem
                0x000000000000aa50                free_mem
 .text          0x000000000000aa5a      0x5e5 mm/forkexit.o
                0x000000000000aa5a                do_fork
                0x000000000000adba                do_exit
                0x000000000000af86                do_wait
 .text          0x000000000000b03f      0x356 mm/exec.o
                0x000000000000b03f                do_exec
 .text          0x000000000000b395     0x1116 fs/main.o
                0x000000000000b395                task_fs
                0x000000000000be90                rw_sector
                0x000000000000c0b3                get_super_block
                0x000000000000c0f9                get_inode
                0x000000000000c25c                put_inode
                0x000000000000c29a                sync_inode
 .text          0x000000000000c4ab      0xa8a fs/open.o
                0x000000000000c4ab                do_open
                0x000000000000c930                do_close
                0x000000000000c9ab                do_lseek
 .text          0x000000000000cf35      0x3b2 fs/misc.o
                0x000000000000cf35                do_stat
                0x000000000000d106                search_file
                0x000000000000d25c                strip_path
 .text          0x000000000000d2e7      0x366 fs/read_write.o
                0x000000000000d2e7                do_rdwt
 .text          0x000000000000d64d      0x713 fs/link.o
                0x000000000000d64d                do_unlink
 .text          0x000000000000dd60     0x1f93 fs/disklog.o
                0x000000000000dd60                disklog
                0x000000000000e290                dump_fd_graph
 .text          0x000000000000fcf3      0xd04 game/tictactoe.o
                0x000000000000fd38                main_tic
 .text          0x00000000000109f7      0x263 kernel/ano_schdule.o
                0x00000000000109f7                need_to_flush
                0x0000000000010a0a                ano_inc_tick
                0x0000000000010a1d                ano_schdule
                0x0000000000010b2d                flush_proc
                0x0000000000010b8c                set_proc_rank
                0x0000000000010bdc                reset_proc_ticks
                0x0000000000010c1a                rank_valid
                0x0000000000010c37                change_schd_policy
                0x0000000000010c50                get_schd_policy
 .text          0x0000000000010c5a       0xad lib/orangescrt.a(printf.o)
                0x0000000000010c5a                printf
                0x0000000000010cc5                printl
 .text          0x0000000000010d07      0x305 lib/orangescrt.a(vsprintf.o)
                0x0000000000010d65                vsprintf
                0x0000000000010fe6                sprintf
 *fill*         0x000000000001100c        0x4 
 .text          0x0000000000011010       0x78 lib/orangescrt.a(string.o)
                0x0000000000011010                memcpy
                0x0000000000011039                memset
                0x000000000001105a                strcpy
                0x0000000000011072                strlen
 .text          0x0000000000011088      0x256 lib/orangescrt.a(misc.o)
                0x0000000000011088                send_recv
                0x0000000000011142                memcmp
                0x00000000000111b8                strcmp
                0x000000000001122b                strcat
                0x000000000001128a                spin
                0x00000000000112a5                assertion_failure
 .text          0x00000000000112de       0x63 lib/orangescrt.a(open.o)
                0x00000000000112de                open
 .text          0x0000000000011341       0x37 lib/orangescrt.a(read.o)
                0x0000000000011341                read
 .text          0x0000000000011378       0x37 lib/orangescrt.a(write.o)
                0x0000000000011378                write
 .text          0x00000000000113af       0x2b lib/orangescrt.a(close.o)
                0x00000000000113af                close
 .text          0x00000000000113da       0x3c lib/orangescrt.a(unlink.o)
                0x00000000000113da                unlink
 .text          0x0000000000011416       0x37 lib/orangescrt.a(lseek.o)
                0x0000000000011416                lseek
 .text          0x000000000001144d       0x46 lib/orangescrt.a(getpid.o)
                0x000000000001144d                getpid
 .text          0x0000000000011493       0x63 lib/orangescrt.a(stat.o)
                0x0000000000011493                stat
 .text          0x00000000000114f6       0x66 lib/orangescrt.a(fork.o)
                0x00000000000114f6                fork
 .text          0x000000000001155c       0x3c lib/orangescrt.a(wait.o)
                0x000000000001155c                wait
 .text          0x0000000000011598      0x237 lib/orangescrt.a(exec.o)
                0x0000000000011598                exec
                0x0000000000011603                execl
                0x0000000000011628                execv
 .text          0x00000000000117cf       0x5a lib/orangescrt.a(scanf.o)
                0x00000000000117cf                scanf
 .text          0x0000000000011829      0x6de lib/orangescrt.a(nscanf.o)
                0x00000000000118de                nscanf
 *fill*         0x0000000000011f07        0x9 
 .text          0x0000000000011f10       0x28 lib/orangescrt.a(syscall.o)
                0x0000000000011f10                sendrec
                0x0000000000011f2a                printx
 *(.gnu.warning)

.fini
 *(SORT(.fini))
                [!provide]                        PROVIDE (__etext, .)
                [!provide]                        PROVIDE (_etext, .)
                [!provide]                        PROVIDE (etext, .)

.rodata         0x0000000000011f40     0x32d3
 *(.rodata .rodata.* .gnu.linkonce.r.*)
 .rodata        0x0000000000011f40       0x47 kernel/start.o
 *fill*         0x0000000000011f87       0x19 
 .rodata        0x0000000000011fa0      0xc95 kernel/main.o
 *fill*         0x0000000000012c35        0x3 
 .rodata        0x0000000000012c38       0x64 kernel/keyboard.o
 .rodata        0x0000000000012c9c      0x1b8 kernel/tty.o
 .rodata        0x0000000000012e54       0x5b kernel/console.o
 .rodata        0x0000000000012eaf       0x11 kernel/i8259.o
 .rodata        0x0000000000012ec0       0x10 kernel/global.o
                0x0000000000012ec0                FSBUF_SIZE
                0x0000000000012ec4                MMBUF_SIZE
                0x0000000000012ec8                LOGBUF_SIZE
                0x0000000000012ecc                LOGDISKBUF_SIZE
 *fill*         0x0000000000012ed0       0x10 
 .rodata        0x0000000000012ee0      0x580 kernel/protect.o
 .rodata        0x0000000000013460      0x5da kernel/proc.o
 .rodata        0x0000000000013a3a       0x11 kernel/systask.o
 *fill*         0x0000000000013a4b        0x1 
 .rodata        0x0000000000013a4c      0x15c kernel/hd.o
 .rodata        0x0000000000013ba8       0x6a kernel/klib.o
 *fill*         0x0000000000013c12        0x2 
 .rodata        0x0000000000013c14      0x35b kernel/welcome.o
 .rodata        0x0000000000013f6f       0x1e lib/syslog.o
 *fill*         0x0000000000013f8d        0x3 
 .rodata        0x0000000000013f90       0xb1 mm/main.o
 *fill*         0x0000000000014041        0x3 
 .rodata        0x0000000000014044       0xe7 mm/forkexit.o
 *fill*         0x000000000001412b        0x1 
 .rodata        0x000000000001412c       0xa4 mm/exec.o
 .rodata        0x00000000000141d0      0x2ce fs/main.o
 *fill*         0x000000000001449e        0x2 
 .rodata        0x00000000000144a0      0x134 fs/open.o
 .rodata        0x00000000000145d4       0x60 fs/misc.o
 .rodata        0x0000000000014634      0x122 fs/link.o
 *fill*         0x0000000000014756        0x2 
 .rodata        0x0000000000014758      0x7d6 fs/disklog.o
 *fill*         0x0000000000014f2e        0x2 
 .rodata        0x0000000000014f30       0xaf game/tictactoe.o
 .rodata        0x0000000000014fdf       0x4a kernel/ano_schdule.o
 .rodata        0x0000000000015029       0x14 lib/orangescrt.a(printf.o)
 *fill*         0x000000000001503d        0x3 
 .rodata        0x0000000000015040       0xad lib/orangescrt.a(misc.o)
 .rodata        0x00000000000150ed       0x23 lib/orangescrt.a(open.o)
 .rodata        0x0000000000015110       0x25 lib/orangescrt.a(getpid.o)
 .rodata        0x0000000000015135       0x23 lib/orangescrt.a(stat.o)
 .rodata        0x0000000000015158       0x33 lib/orangescrt.a(fork.o)
 *fill*         0x000000000001518b        0x1 
 .rodata        0x000000000001518c       0x87 lib/orangescrt.a(exec.o)

.rodata1
 *(.rodata1)

.eh_frame_hdr
 *(.eh_frame_hdr)
 *(.eh_frame_entry .eh_frame_entry.*)

.eh_frame       0x0000000000015214     0x1a54
 *(.eh_frame)
 .eh_frame      0x0000000000015214       0x38 kernel/start.o
 .eh_frame      0x000000000001524c      0x56c kernel/main.o
                                        0x584 (size before relaxing)
 .eh_frame      0x00000000000157b8       0x60 kernel/clock.o
                                         0x78 (size before relaxing)
 .eh_frame      0x0000000000015818       0xe0 kernel/keyboard.o
                                         0xf8 (size before relaxing)
 .eh_frame      0x00000000000158f8      0x1bc kernel/tty.o
                                        0x1d4 (size before relaxing)
 .eh_frame      0x0000000000015ab4      0x144 kernel/console.o
                                        0x15c (size before relaxing)
 .eh_frame      0x0000000000015bf8       0x60 kernel/i8259.o
                                         0x78 (size before relaxing)
 .eh_frame      0x0000000000015c58       0xb0 kernel/protect.o
                                         0xc8 (size before relaxing)
 .eh_frame      0x0000000000015d08      0x1b8 kernel/proc.o
                                        0x1d0 (size before relaxing)
 .eh_frame      0x0000000000015ec0       0x5c kernel/systask.o
                                         0x74 (size before relaxing)
 .eh_frame      0x0000000000015f1c      0x1c8 kernel/hd.o
                                        0x1e0 (size before relaxing)
 .eh_frame      0x00000000000160e4       0xa0 kernel/klib.o
                                         0xb8 (size before relaxing)
 .eh_frame      0x0000000000016184       0x40 kernel/welcome.o
                                         0x58 (size before relaxing)
 .eh_frame      0x00000000000161c4       0x20 lib/syslog.o
                                         0x38 (size before relaxing)
 .eh_frame      0x00000000000161e4       0x7c mm/main.o
                                         0x94 (size before relaxing)
 .eh_frame      0x0000000000016260       0x90 mm/forkexit.o
                                         0xa8 (size before relaxing)
 .eh_frame      0x00000000000162f0       0x2c mm/exec.o
                                         0x44 (size before relaxing)
 .eh_frame      0x000000000001631c      0x170 fs/main.o
                                        0x188 (size before relaxing)
 .eh_frame      0x000000000001648c      0x120 fs/open.o
                                        0x138 (size before relaxing)
 .eh_frame      0x00000000000165ac       0x68 fs/misc.o
                                         0x80 (size before relaxing)
 .eh_frame      0x0000000000016614       0x2c fs/read_write.o
                                         0x44 (size before relaxing)
 .eh_frame      0x0000000000016640       0x2c fs/link.o
                                         0x44 (size before relaxing)
 .eh_frame      0x000000000001666c       0x60 fs/disklog.o
                                         0x78 (size before relaxing)
 .eh_frame      0x00000000000166cc       0xa0 game/tictactoe.o
                                         0xb8 (size before relaxing)
 .eh_frame      0x000000000001676c      0x120 kernel/ano_schdule.o
                                        0x138 (size before relaxing)
 .eh_frame      0x000000000001688c       0x40 lib/orangescrt.a(printf.o)
                                         0x58 (size before relaxing)
 .eh_frame      0x00000000000168cc       0x60 lib/orangescrt.a(vsprintf.o)
                                         0x78 (size before relaxing)
 .eh_frame      0x000000000001692c       0xbc lib/orangescrt.a(misc.o)
                                         0xd4 (size before relaxing)
 .eh_frame      0x00000000000169e8       0x20 lib/orangescrt.a(open.o)
                                         0x38 (size before relaxing)
 .eh_frame      0x0000000000016a08       0x20 lib/orangescrt.a(read.o)
                                         0x38 (size before relaxing)
 .eh_frame      0x0000000000016a28       0x20 lib/orangescrt.a(write.o)
                                         0x38 (size before relaxing)
 .eh_frame      0x0000000000016a48       0x20 lib/orangescrt.a(close.o)
                                         0x38 (size before relaxing)
 .eh_frame      0x0000000000016a68       0x20 lib/orangescrt.a(unlink.o)
                                         0x38 (size before relaxing)
 .eh_frame      0x0000000000016a88       0x20 lib/orangescrt.a(lseek.o)
                                         0x38 (size before relaxing)
 .eh_frame      0x0000000000016aa8       0x20 lib/orangescrt.a(getpid.o)
                                         0x38 (size before relaxing)
 .eh_frame      0x0000000000016ac8       0x20 lib/orangescrt.a(stat.o)
                                         0x38 (size before relaxing)
 .eh_frame      0x0000000000016ae8       0x20 lib/orangescrt.a(fork.o)
                                         0x38 (size before relaxing)
 .eh_frame      0x0000000000016b08       0x20 lib/orangescrt.a(wait.o)
                                         0x38 (size before relaxing)
 .eh_frame      0x0000000000016b28       0x60 lib/orangescrt.a(exec.o)
                                         0x78 (size before relaxing)
 .eh_frame      0x0000000000016b88       0x20 lib/orangescrt.a(scanf.o)
                                         0x38 (size before relaxing)
 .eh_frame      0x0000000000016ba8       0xc0 lib/orangescrt.a(nscanf.o)
                                         0xd8 (size before relaxing)
 *(.eh_frame.*)

.gcc_except_table
 *(.gcc_except_table .gcc_except_table.*)

.gnu_extab
 *(.gnu_extab*)

.exception_ranges
 *(.exception_ranges .exception_ranges*)
                0x0000000000017000                . = DATA_SEGMENT_ALIGN (0x1000, 0x1000)

.eh_frame
 *(.eh_frame)
 *(.eh_frame.*)

.gnu_extab
 *(.gnu_extab)

.gcc_except_table
 *(.gcc_except_table .gcc_except_table.*)

.exception_ranges
 *(.exception_ranges .exception_ranges*)

.tdata
 *(.tdata .tdata.* .gnu.linkonce.td.*)

.tbss
 *(.tbss .tbss.* .gnu.linkonce.tb.*)
 *(.tcommon)

.preinit_array  0x0000000000017000        0x0
                [!provide]                        PROVIDE (__preinit_array_start, .)
 *(.preinit_array)
                [!provide]                        PROVIDE (__preinit_array_end, .)

.init_array     0x0000000000017000        0x0
                [!provide]                        PROVIDE (__init_array_start, .)
 *(SORT(.init_array.*) SORT(.ctors.*))
 *(.init_array EXCLUDE_FILE(*crtend?.o *crtend.o *crtbegin?.o *crtbegin.o) .ctors)
                [!provide]                        PROVIDE (__init_array_end, .)

.fini_array     0x0000000000017000        0x0
                [!provide]                        PROVIDE (__fini_array_start, .)
 *(SORT(.fini_array.*) SORT(.dtors.*))
 *(.fini_array EXCLUDE_FILE(*crtend?.o *crtend.o *crtbegin?.o *crtbegin.o) .dtors)
                [!provide]                        PROVIDE (__fini_array_end, .)

.ctors
 *crtbegin.o(.ctors)
 *crtbegin?.o(.ctors)
 *(EXCLUDE_FILE(*crtend?.o *crtend.o) .ctors)
 *(SORT(.ctors.*))
 *(.ctors)

.dtors
 *crtbegin.o(.dtors)
 *crtbegin?.o(.dtors)
 *(EXCLUDE_FILE(*crtend?.o *crtend.o) .dtors)
 *(SORT(.dtors.*))
 *(.dtors)

.jcr
 *(.jcr)

.data.rel.ro
 *(.data.rel.ro.local* .gnu.linkonce.d.rel.ro.local.*)
 *(.data.rel.ro .data.rel.ro.* .gnu.linkonce.d.rel.ro.*)

.dynamic
 *(.dynamic)

.got
 *(.got)
 *(.igot)
                0x0000000000017000                . = DATA_SEGMENT_RELRO_END (., (SIZEOF (.got.plt) >= 0xc)?0xc:0x0)

.got.plt        0x0000000000017000        0x0
 *(.got.plt)
 *(.igot.plt)
 .igot.plt      0x0000000000017000        0x0 kernel/kernel.o

.data           0x0000000000017000      0xad4
 *(.data .data.* .gnu.linkonce.d.*)
 .data          0x0000000000017000        0x2 kernel/kernel.o
 .data          0x0000000000017002        0x0 kernel/start.o
 *fill*         0x0000000000017002       0x1e 
 .data          0x0000000000017020      0x251 kernel/main.o
                0x0000000000017020                currentUser
                0x00000000000170a0                currentFolder
                0x0000000000017120                users
                0x0000000000017220                map_hidden
 .data          0x0000000000017271        0x0 kernel/clock.o
 *fill*         0x0000000000017271        0xf 
 .data          0x0000000000017280      0x600 kernel/keyboard.o
                0x0000000000017280                keymap
 .data          0x0000000000017880       0x22 kernel/tty.o
 .data          0x00000000000178a2        0x0 kernel/console.o
 .data          0x00000000000178a2        0x0 kernel/i8259.o
 *fill*         0x00000000000178a2       0x1e 
 .data          0x00000000000178c0      0x1b4 kernel/global.o
                0x00000000000178c0                task_table
                0x00000000000179a0                user_proc_table
                0x0000000000017a40                sys_call_table
                0x0000000000017a4c                dd_map
                0x0000000000017a64                fsbuf
                0x0000000000017a68                mmbuf
                0x0000000000017a6c                logbuf
                0x0000000000017a70                logdiskbuf
 .data          0x0000000000017a74        0x0 kernel/protect.o
 .data          0x0000000000017a74        0x0 kernel/proc.o
 .data          0x0000000000017a74        0x0 kernel/systask.o
 .data          0x0000000000017a74        0x0 kernel/hd.o
 .data          0x0000000000017a74        0x0 kernel/klib.o
 .data          0x0000000000017a74        0x0 kernel/welcome.o
 .data          0x0000000000017a74        0x0 lib/syslog.o
 .data          0x0000000000017a74        0x0 mm/main.o
 .data          0x0000000000017a74        0x0 mm/forkexit.o
 .data          0x0000000000017a74        0x0 mm/exec.o
 .data          0x0000000000017a74        0x0 fs/main.o
 .data          0x0000000000017a74        0x0 fs/open.o
 .data          0x0000000000017a74        0x0 fs/misc.o
 .data          0x0000000000017a74        0x0 fs/read_write.o
 .data          0x0000000000017a74        0x0 fs/link.o
 .data          0x0000000000017a74        0x0 fs/disklog.o
 *fill*         0x0000000000017a74        0xc 
 .data          0x0000000000017a80       0x44 game/tictactoe.o
 .data          0x0000000000017ac4       0x10 kernel/ano_schdule.o
                0x0000000000017ac4                RANK_TICKS
 .data          0x0000000000017ad4        0x0 lib/orangescrt.a(printf.o)
 .data          0x0000000000017ad4        0x0 lib/orangescrt.a(vsprintf.o)
 .data          0x0000000000017ad4        0x0 lib/orangescrt.a(misc.o)
 .data          0x0000000000017ad4        0x0 lib/orangescrt.a(open.o)
 .data          0x0000000000017ad4        0x0 lib/orangescrt.a(read.o)
 .data          0x0000000000017ad4        0x0 lib/orangescrt.a(write.o)
 .data          0x0000000000017ad4        0x0 lib/orangescrt.a(close.o)
 .data          0x0000000000017ad4        0x0 lib/orangescrt.a(unlink.o)
 .data          0x0000000000017ad4        0x0 lib/orangescrt.a(lseek.o)
 .data          0x0000000000017ad4        0x0 lib/orangescrt.a(getpid.o)
 .data          0x0000000000017ad4        0x0 lib/orangescrt.a(stat.o)
 .data          0x0000000000017ad4        0x0 lib/orangescrt.a(fork.o)
 .data          0x0000000000017ad4        0x0 lib/orangescrt.a(wait.o)
 .data          0x0000000000017ad4        0x0 lib/orangescrt.a(exec.o)
 .data          0x0000000000017ad4        0x0 lib/orangescrt.a(scanf.o)
 .data          0x0000000000017ad4        0x0 lib/orangescrt.a(nscanf.o)

.data1
 *(.data1)
                0x0000000000017ad4                _edata = .
                [!provide]                        PROVIDE (edata, .)
                0x0000000000017ad4                . = .
                0x0000000000017ad4                __bss_start = .

.bss            0x0000000000017ae0    0x2ea8c
 *(.dynbss)
 *(.bss .bss.* .gnu.linkonce.b.*)
 .bss           0x0000000000017ae0      0x800 kernel/kernel.o
 .bss           0x00000000000182e0        0x0 kernel/start.o
 .bss           0x00000000000182e0       0x94 kernel/main.o
                0x00000000000182e0                filepath
                0x0000000000018360                filecount
                0x0000000000018364                usercount
                0x0000000000018368                isEntered
                0x000000000001836c                UserState
                0x0000000000018370                leiflag
 .bss           0x0000000000018374        0x0 kernel/clock.o
 *fill*         0x0000000000018374        0xc 
 .bss           0x0000000000018380       0x58 kernel/keyboard.o
 .bss           0x00000000000183d8        0x0 kernel/tty.o
 .bss           0x00000000000183d8        0x0 kernel/console.o
 .bss           0x00000000000183d8        0x0 kernel/i8259.o
 .bss           0x00000000000183d8        0x0 kernel/global.o
 .bss           0x00000000000183d8        0x0 kernel/protect.o
 .bss           0x00000000000183d8        0x0 kernel/proc.o
 .bss           0x00000000000183d8        0x0 kernel/systask.o
 *fill*         0x00000000000183d8        0x8 
 .bss           0x00000000000183e0      0x64c kernel/hd.o
 .bss           0x0000000000018a2c        0x0 kernel/klib.o
 .bss           0x0000000000018a2c        0x0 kernel/welcome.o
 .bss           0x0000000000018a2c        0x0 lib/syslog.o
 .bss           0x0000000000018a2c        0x0 mm/main.o
 .bss           0x0000000000018a2c        0x0 mm/forkexit.o
 .bss           0x0000000000018a2c        0x0 mm/exec.o
 .bss           0x0000000000018a2c        0x0 fs/main.o
 .bss           0x0000000000018a2c        0x0 fs/open.o
 .bss           0x0000000000018a2c        0x0 fs/misc.o
 .bss           0x0000000000018a2c        0x0 fs/read_write.o
 .bss           0x0000000000018a2c        0x0 fs/link.o
 *fill*         0x0000000000018a2c       0x14 
 .bss           0x0000000000018a40      0x208 fs/disklog.o
 .bss           0x0000000000018c48        0x0 game/tictactoe.o
 .bss           0x0000000000018c48        0x4 kernel/ano_schdule.o
 .bss           0x0000000000018c4c        0x0 lib/orangescrt.a(printf.o)
 .bss           0x0000000000018c4c        0x0 lib/orangescrt.a(vsprintf.o)
 .bss           0x0000000000018c4c        0x0 lib/orangescrt.a(misc.o)
 .bss           0x0000000000018c4c        0x0 lib/orangescrt.a(open.o)
 .bss           0x0000000000018c4c        0x0 lib/orangescrt.a(read.o)
 .bss           0x0000000000018c4c        0x0 lib/orangescrt.a(write.o)
 .bss           0x0000000000018c4c        0x0 lib/orangescrt.a(close.o)
 .bss           0x0000000000018c4c        0x0 lib/orangescrt.a(unlink.o)
 .bss           0x0000000000018c4c        0x0 lib/orangescrt.a(lseek.o)
 .bss           0x0000000000018c4c        0x0 lib/orangescrt.a(getpid.o)
 .bss           0x0000000000018c4c        0x0 lib/orangescrt.a(stat.o)
 .bss           0x0000000000018c4c        0x0 lib/orangescrt.a(fork.o)
 .bss           0x0000000000018c4c        0x0 lib/orangescrt.a(wait.o)
 .bss           0x0000000000018c4c        0x0 lib/orangescrt.a(exec.o)
 .bss           0x0000000000018c4c        0x0 lib/orangescrt.a(scanf.o)
 .bss           0x0000000000018c4c        0x0 lib/orangescrt.a(nscanf.o)
 *(COMMON)
 *fill*         0x0000000000018c4c       0x14 
 COMMON         0x0000000000018c60     0x15e0 kernel/main.o
                0x0000000000018c60                filequeue
                0x0000000000018d40                files
                0x0000000000019740                userfiles
                0x000000000001a140                passwords
 COMMON         0x000000000001a240    0x2c31c kernel/global.o
                0x000000000001a240                idt_ptr
                0x000000000001a260                inode_table
                0x000000000001ad60                task_stack
                0x000000000003ed60                k_reenter
                0x000000000003ed80                gdt
                0x000000000003f180                current_console
                0x000000000003f184                pcaller
                0x000000000003f1a0                tty_table
                0x00000000000417c0                tss
                0x0000000000041840                fs_msg
                0x0000000000041870                memory_size
                0x0000000000041880                f_desc_table
                0x0000000000041c80                root_inode
                0x0000000000041c84                disp_pos
                0x0000000000041ca0                mm_msg
                0x0000000000041cd0                key_pressed
                0x0000000000041cd4                gdt_ptr
                0x0000000000041ce0                idt
                0x00000000000424e0                super_block
                0x00000000000426c0                ticks
                0x00000000000426e0                console_table
                0x0000000000042720                irq_table
                0x0000000000042760                p_proc_ready
                0x0000000000042780                proc_table
 COMMON         0x000000000004655c       0x10 kernel/hd.o
                0x000000000004655c                PARTITION_ENTRY
                0x000000000004656c                . = ALIGN ((. != 0x0)?0x4:0x1)
                0x000000000004656c                . = ALIGN (0x4)
                0x000000000004656c                . = SEGMENT_START ("ldata-segment", .)
                0x000000000004656c                . = ALIGN (0x4)
                0x000000000004656c                _end = .
                [!provide]                        PROVIDE (end, .)
                0x000000000004656c                . = DATA_SEGMENT_END (.)

.stab
 *(.stab)

.stabstr
 *(.stabstr)

.stab.excl
 *(.stab.excl)

.stab.exclstr
 *(.stab.exclstr)

.stab.index
 *(.stab.index)

.stab.indexstr
 *(.stab.indexstr)

.comment        0x0000000000000000       0x35
 *(.comment)
 .comment       0x0000000000000000       0x35 kernel/start.o
                                         0x36 (size before relaxing)
 .comment       0x0000000000000035       0x36 kernel/main.o
 .comment       0x0000000000000035       0x36 kernel/clock.o
 .comment       0x0000000000000035       0x36 kernel/keyboard.o
 .comment       0x0000000000000035       0x36 kernel/tty.o
 .comment       0x0000000000000035       0x36 kernel/console.o
 .comment       0x0000000000000035       0x36 kernel/i8259.o
 .comment       0x0000000000000035       0x36 kernel/global.o
 .comment       0x0000000000000035       0x36 kernel/protect.o
 .comment       0x0000000000000035       0x36 kernel/proc.o
 .comment       0x0000000000000035       0x36 kernel/systask.o
 .comment       0x0000000000000035       0x36 kernel/hd.o
 .comment       0x0000000000000035       0x36 kernel/klib.o
 .comment       0x0000000000000035       0x36 kernel/welcome.o
 .comment       0x0000000000000035       0x36 lib/syslog.o
 .comment       0x0000000000000035       0x36 mm/main.o
 .comment       0x0000000000000035       0x36 mm/forkexit.o
 .comment       0x0000000000000035       0x36 mm/exec.o
 .comment       0x0000000000000035       0x36 fs/main.o
 .comment       0x0000000000000035       0x36 fs/open.o
 .comment       0x0000000000000035       0x36 fs/misc.o
 .comment       0x0000000000000035       0x36 fs/read_write.o
 .comment       0x0000000000000035       0x36 fs/link.o
 .comment       0x0000000000000035       0x36 fs/disklog.o
 .comment       0x0000000000000035       0x36 game/tictactoe.o
 .comment       0x0000000000000035       0x36 kernel/ano_schdule.o
 .comment       0x0000000000000035       0x36 lib/orangescrt.a(printf.o)
 .comment       0x0000000000000035       0x36 lib/orangescrt.a(vsprintf.o)
 .comment       0x0000000000000035       0x36 lib/orangescrt.a(misc.o)
 .comment       0x0000000000000035       0x36 lib/orangescrt.a(open.o)
 .comment       0x0000000000000035       0x36 lib/orangescrt.a(read.o)
 .comment       0x0000000000000035       0x36 lib/orangescrt.a(write.o)
 .comment       0x0000000000000035       0x36 lib/orangescrt.a(close.o)
 .comment       0x0000000000000035       0x36 lib/orangescrt.a(unlink.o)
 .comment       0x0000000000000035       0x36 lib/orangescrt.a(lseek.o)
 .comment       0x0000000000000035       0x36 lib/orangescrt.a(getpid.o)
 .comment       0x0000000000000035       0x36 lib/orangescrt.a(stat.o)
 .comment       0x0000000000000035       0x36 lib/orangescrt.a(fork.o)
 .comment       0x0000000000000035       0x36 lib/orangescrt.a(wait.o)
 .comment       0x0000000000000035       0x36 lib/orangescrt.a(exec.o)
 .comment       0x0000000000000035       0x36 lib/orangescrt.a(scanf.o)
 .comment       0x0000000000000035       0x36 lib/orangescrt.a(nscanf.o)

.debug
 *(.debug)

.line
 *(.line)

.debug_srcinfo
 *(.debug_srcinfo)

.debug_sfnames
 *(.debug_sfnames)

.debug_aranges
 *(.debug_aranges)

.debug_pubnames
 *(.debug_pubnames)

.debug_info
 *(.debug_info .gnu.linkonce.wi.*)

.debug_abbrev
 *(.debug_abbrev)

.debug_line
 *(.debug_line .debug_line.* .debug_line_end)

.debug_frame
 *(.debug_frame)

.debug_str
 *(.debug_str)

.debug_loc
 *(.debug_loc)

.debug_macinfo
 *(.debug_macinfo)

.debug_weaknames
 *(.debug_weaknames)

.debug_funcnames
 *(.debug_funcnames)

.debug_typenames
 *(.debug_typenames)

.debug_varnames
 *(.debug_varnames)

.debug_pubtypes
 *(.debug_pubtypes)

.debug_ranges
 *(.debug_ranges)

.debug_macro
 *(.debug_macro)

.gnu.attributes
 *(.gnu.attributes)

/DISCARD/
 *(.note.GNU-stack)
 *(.gnu_debuglink)
 *(.gnu.lto_*)
OUTPUT(kernel.bin elf32-i386)
