Archive member included to satisfy reference by file (symbol)

lib/orangescrt.a(printf.o)    kernel/main.o (printf)
lib/orangescrt.a(vsprintf.o)  kernel/main.o (vsprintf)
lib/orangescrt.a(string.o)    kernel/start.o (memcpy)
lib/orangescrt.a(misc.o)      kernel/main.o (send_recv)
lib/orangescrt.a(open.o)      kernel/main.o (open)
lib/orangescrt.a(read.o)      kernel/main.o (read)
lib/orangescrt.a(write.o)     kernel/main.o (write)
lib/orangescrt.a(close.o)     kernel/main.o (close)
lib/orangescrt.a(unlink.o)    kernel/main.o (unlink)
lib/orangescrt.a(lseek.o)     kernel/main.o (lseek)
lib/orangescrt.a(getpid.o)    fs/disklog.o (getpid)
lib/orangescrt.a(stat.o)      mm/exec.o (stat)
lib/orangescrt.a(fork.o)      kernel/main.o (fork)
lib/orangescrt.a(wait.o)      kernel/main.o (wait)
lib/orangescrt.a(exec.o)      kernel/main.o (execv)
lib/orangescrt.a(syscall.o)   lib/orangescrt.a(misc.o) (sendrec)

Allocating common symbols
Common symbol       size              file

filequeue           0xc8              kernel/main.o
idt_ptr             0x6               kernel/global.o
inode_table         0xb00             kernel/global.o
task_stack          0x24000           kernel/global.o
k_reenter           0x4               kernel/global.o
gdt                 0x400             kernel/global.o
current_console     0x4               kernel/global.o
pcaller             0x4               kernel/global.o
tty_table           0x2610            kernel/global.o
tss                 0x68              kernel/global.o
fs_msg              0x30              kernel/global.o
memory_size         0x4               kernel/global.o
f_desc_table        0x400             kernel/global.o
root_inode          0x4               kernel/global.o
disp_pos            0x4               kernel/global.o
files               0xa00             kernel/main.o
mm_msg              0x30              kernel/global.o
key_pressed         0x4               kernel/global.o
gdt_ptr             0x6               kernel/global.o
idt                 0x800             kernel/global.o
super_block         0x1e0             kernel/global.o
PARTITION_ENTRY     0x10              kernel/hd.o
ticks               0x4               kernel/global.o
console_table       0x3c              kernel/global.o
userfiles           0xa00             kernel/main.o
irq_table           0x40              kernel/global.o
p_proc_ready        0x4               kernel/global.o
proc_table          0x3ddc            kernel/global.o
passwords           0x100             kernel/main.o

Discarded input sections

 .note.GNU-stack
                0x0000000000000000        0x0 kernel/start.o
 .note.GNU-stack
                0x0000000000000000        0x0 kernel/main.o
 .note.GNU-stack
                0x0000000000000000        0x0 kernel/clock.o
 .note.GNU-stack
                0x0000000000000000        0x0 kernel/keyboard.o
 .note.GNU-stack
                0x0000000000000000        0x0 kernel/tty.o
 .note.GNU-stack
                0x0000000000000000        0x0 kernel/console.o
 .note.GNU-stack
                0x0000000000000000        0x0 kernel/i8259.o
 .note.GNU-stack
                0x0000000000000000        0x0 kernel/global.o
 .note.GNU-stack
                0x0000000000000000        0x0 kernel/protect.o
 .note.GNU-stack
                0x0000000000000000        0x0 kernel/proc.o
 .note.GNU-stack
                0x0000000000000000        0x0 kernel/systask.o
 .note.GNU-stack
                0x0000000000000000        0x0 kernel/hd.o
 .note.GNU-stack
                0x0000000000000000        0x0 kernel/klib.o
 .note.GNU-stack
                0x0000000000000000        0x0 kernel/welcome.o
 .note.GNU-stack
                0x0000000000000000        0x0 lib/syslog.o
 .note.GNU-stack
                0x0000000000000000        0x0 mm/main.o
 .note.GNU-stack
                0x0000000000000000        0x0 mm/forkexit.o
 .note.GNU-stack
                0x0000000000000000        0x0 mm/exec.o
 .note.GNU-stack
                0x0000000000000000        0x0 fs/main.o
 .note.GNU-stack
                0x0000000000000000        0x0 fs/open.o
 .note.GNU-stack
                0x0000000000000000        0x0 fs/misc.o
 .note.GNU-stack
                0x0000000000000000        0x0 fs/read_write.o
 .note.GNU-stack
                0x0000000000000000        0x0 fs/link.o
 .note.GNU-stack
                0x0000000000000000        0x0 fs/disklog.o
 .note.GNU-stack
                0x0000000000000000        0x0 game/tictactoe.o
 .note.GNU-stack
                0x0000000000000000        0x0 kernel/ano_schdule.o
 .note.GNU-stack
                0x0000000000000000        0x0 lib/orangescrt.a(printf.o)
 .note.GNU-stack
                0x0000000000000000        0x0 lib/orangescrt.a(vsprintf.o)
 .note.GNU-stack
                0x0000000000000000        0x0 lib/orangescrt.a(misc.o)
 .note.GNU-stack
                0x0000000000000000        0x0 lib/orangescrt.a(open.o)
 .note.GNU-stack
                0x0000000000000000        0x0 lib/orangescrt.a(read.o)
 .note.GNU-stack
                0x0000000000000000        0x0 lib/orangescrt.a(write.o)
 .note.GNU-stack
                0x0000000000000000        0x0 lib/orangescrt.a(close.o)
 .note.GNU-stack
                0x0000000000000000        0x0 lib/orangescrt.a(unlink.o)
 .note.GNU-stack
                0x0000000000000000        0x0 lib/orangescrt.a(lseek.o)
 .note.GNU-stack
                0x0000000000000000        0x0 lib/orangescrt.a(getpid.o)
 .note.GNU-stack
                0x0000000000000000        0x0 lib/orangescrt.a(stat.o)
 .note.GNU-stack
                0x0000000000000000        0x0 lib/orangescrt.a(fork.o)
 .note.GNU-stack
                0x0000000000000000        0x0 lib/orangescrt.a(wait.o)
 .note.GNU-stack
                0x0000000000000000        0x0 lib/orangescrt.a(exec.o)

Memory Configuration

Name             Origin             Length             Attributes
*default*        0x0000000000000000 0xffffffffffffffff

Linker script and memory map

Address of section .text set to 0x1000
LOAD kernel/kernel.o
LOAD kernel/start.o
LOAD kernel/main.o
LOAD kernel/clock.o
LOAD kernel/keyboard.o
LOAD kernel/tty.o
LOAD kernel/console.o
LOAD kernel/i8259.o
LOAD kernel/global.o
LOAD kernel/protect.o
LOAD kernel/proc.o
LOAD kernel/systask.o
LOAD kernel/hd.o
LOAD kernel/kliba.o
LOAD kernel/klib.o
LOAD kernel/welcome.o
LOAD lib/syslog.o
LOAD mm/main.o
LOAD mm/forkexit.o
LOAD mm/exec.o
LOAD fs/main.o
LOAD fs/open.o
LOAD fs/misc.o
LOAD fs/read_write.o
LOAD fs/link.o
LOAD fs/disklog.o
LOAD game/tictactoe.o
LOAD kernel/ano_schdule.o
LOAD lib/orangescrt.a
                [!provide]                        PROVIDE (__executable_start, 0x8048000)
                0x0000000008048094                . = (0x8048000 + SIZEOF_HEADERS)

.interp
 *(.interp)

.note.gnu.build-id
 *(.note.gnu.build-id)

.hash
 *(.hash)

.gnu.hash
 *(.gnu.hash)

.dynsym
 *(.dynsym)

.dynstr
 *(.dynstr)

.gnu.version
 *(.gnu.version)

.gnu.version_d
 *(.gnu.version_d)

.gnu.version_r
 *(.gnu.version_r)

.rel.dyn        0x0000000008048094        0x0
 *(.rel.init)
 *(.rel.text .rel.text.* .rel.gnu.linkonce.t.*)
 .rel.text      0x0000000008048094        0x0 kernel/kernel.o
 *(.rel.fini)
 *(.rel.rodata .rel.rodata.* .rel.gnu.linkonce.r.*)
 *(.rel.data.rel.ro .rel.data.rel.ro.* .rel.gnu.linkonce.d.rel.ro.*)
 *(.rel.data .rel.data.* .rel.gnu.linkonce.d.*)
 .rel.data      0x0000000008048094        0x0 kernel/kernel.o
 *(.rel.tdata .rel.tdata.* .rel.gnu.linkonce.td.*)
 *(.rel.tbss .rel.tbss.* .rel.gnu.linkonce.tb.*)
 *(.rel.ctors)
 *(.rel.dtors)
 *(.rel.got)
 *(.rel.bss .rel.bss.* .rel.gnu.linkonce.b.*)
 *(.rel.ifunc)

.rel.plt        0x0000000008048094        0x0
 *(.rel.plt)
                [!provide]                        PROVIDE (__rel_iplt_start, .)
 *(.rel.iplt)
 .rel.iplt      0x0000000008048094        0x0 kernel/kernel.o
                [!provide]                        PROVIDE (__rel_iplt_end, .)

.init
 *(SORT(.init))

.plt            0x00000000080480a0        0x0
 *(.plt)
 *(.iplt)
 .iplt          0x00000000080480a0        0x0 kernel/kernel.o

.plt.got
 *(.plt.got)

.text           0x0000000000001000    0x10768
 *(.text.unlikely .text.*_unlikely .text.unlikely.*)
 *(.text.exit .text.exit.*)
 *(.text.startup .text.startup.*)
 *(.text.hot .text.hot.*)
 *(.text .stub .text.* .gnu.linkonce.t.*)
 .text          0x0000000000001000      0x410 kernel/kernel.o
                0x0000000000001000                _start
                0x0000000000001040                hwint00
                0x0000000000001070                hwint01
                0x00000000000010a0                hwint02
                0x00000000000010d0                hwint03
                0x0000000000001100                hwint04
                0x0000000000001130                hwint05
                0x0000000000001160                hwint06
                0x0000000000001190                hwint07
                0x00000000000011c0                hwint08
                0x00000000000011f0                hwint09
                0x0000000000001220                hwint10
                0x0000000000001250                hwint11
                0x0000000000001280                hwint12
                0x00000000000012b0                hwint13
                0x00000000000012e0                hwint14
                0x0000000000001310                hwint15
                0x0000000000001334                divide_error
                0x000000000000133a                single_step_exception
                0x0000000000001340                nmi
                0x0000000000001346                breakpoint_exception
                0x000000000000134c                overflow
                0x0000000000001352                bounds_check
                0x0000000000001358                inval_opcode
                0x000000000000135e                copr_not_available
                0x0000000000001364                double_fault
                0x0000000000001368                copr_seg_overrun
                0x000000000000136e                inval_tss
                0x0000000000001372                segment_not_present
                0x0000000000001376                stack_exception
                0x000000000000137a                general_protection
                0x000000000000137e                page_fault
                0x0000000000001382                copr_error
                0x00000000000013cb                sys_call
                0x00000000000013eb                restart
 .text          0x0000000000001410       0x95 kernel/start.o
                0x0000000000001410                cstart
 .text          0x00000000000014a5     0x3939 kernel/main.o
                0x00000000000014a5                kernel_main
                0x0000000000001807                get_ticks
                0x000000000000183b                untar
                0x0000000000001ae5                clear
                0x0000000000001b18                shabby_shell
                0x00000000000025f5                killpro
                0x0000000000002662                pausepro
                0x00000000000026cf                resume
                0x000000000000273c                clearArr
                0x0000000000002765                getPos
                0x000000000000279e                len
                0x00000000000027d9                vertify
                0x0000000000002806                createFilepath
                0x00000000000028cc                updateFileLogs
                0x0000000000002998                updateMyUsers
                0x0000000000002a78                updateMyUsersPassword
                0x0000000000002b58                addLog
                0x0000000000002ce4                deleteLog
                0x0000000000002def                showhelp
                0x0000000000002f58                initFolder
                0x0000000000002f7f                initFs
                0x0000000000003585                createFolder
                0x0000000000003679                createFile
                0x0000000000003790                openFolder
                0x00000000000038d9                readFile
                0x000000000000399b                editAppand
                0x0000000000003b17                editCover
                0x0000000000003c0b                deleteFile
                0x0000000000003f77                shift
                0x000000000000404c                addUser
                0x0000000000004187                moveUser
                0x00000000000043b9                pathCompare
                0x00000000000044c8                pathFilter
                0x0000000000004579                ls
                0x00000000000046a5                showProcess
                0x0000000000004873                Init
                0x00000000000049bf                TestA
                0x00000000000049c4                TestB
                0x00000000000049c9                TestC
                0x00000000000049ce                panic
                0x0000000000004a17                mainboom
                0x0000000000004d0e                show_map
                0x0000000000004d78                win
 .text          0x0000000000004dde      0x182 kernel/clock.o
                0x0000000000004dde                clock_handler
                0x0000000000004ece                milli_delay
                0x0000000000004f08                init_clock
 .text          0x0000000000004f60      0x6da kernel/keyboard.o
                0x0000000000004f60                keyboard_handler
                0x0000000000004fca                init_keyboard
                0x0000000000005079                keyboard_read
 .text          0x000000000000563a     0x12eb kernel/tty.o
                0x000000000000563a                task_tty
                0x00000000000058a6                in_process
                0x0000000000006625                sys_printx
                0x00000000000067c4                dump_tty_buf
 .text          0x0000000000006925      0x824 kernel/console.o
                0x0000000000006925                init_screen
                0x0000000000006a99                out_char
                0x0000000000006d89                clear_screen
                0x0000000000006dc3                is_current_console
                0x0000000000006de6                set_cursor
                0x0000000000006e4e                set_video_start_addr
                0x0000000000006eb6                select_console
                0x0000000000006ef6                scroll_screen
                0x00000000000070da                flush
 .text          0x0000000000007149      0x130 kernel/i8259.o
                0x0000000000007149                init_8259A
                0x000000000000721e                spurious_irq
                0x0000000000007255                put_irq_handler
 .text          0x0000000000007279        0x0 kernel/global.o
 .text          0x0000000000007279      0x65f kernel/protect.o
                0x0000000000007279                init_prot
                0x00000000000076e1                seg2linear
                0x0000000000007730                init_desc
                0x000000000000779d                exception_handler
 .text          0x00000000000078d8     0x16d6 kernel/proc.o
                0x00000000000078d8                schedule
                0x000000000000796a                sys_sendrec
                0x0000000000007a8a                ldt_seg_linear
                0x0000000000007ad4                va2la
                0x0000000000007b35                reset_msg
                0x00000000000089c8                inform_int
                0x0000000000008b5f                dump_proc
                0x0000000000008ea1                dump_msg
 .text          0x0000000000008fae      0x2bc kernel/systask.o
                0x0000000000008fae                task_sys
 .text          0x000000000000926a      0xd1e kernel/hd.o
                0x000000000000926a                task_hd
                0x0000000000009f5d                hd_handler
 *fill*         0x0000000000009f88        0x8 
 .text          0x0000000000009f90      0x19a kernel/kliba.o
                0x0000000000009f90                disp_str
                0x0000000000009fce                disp_color_str
                0x000000000000a00d                out_byte
                0x000000000000a019                in_byte
                0x000000000000a023                port_read
                0x000000000000a036                port_write
                0x000000000000a049                disable_irq
                0x000000000000a07e                enable_irq
                0x000000000000a09d                disable_int
                0x000000000000a09f                enable_int
                0x000000000000a0a1                glitter
 .text          0x000000000000a12a      0x2af kernel/klib.o
                0x000000000000a12a                get_boot_params
                0x000000000000a1b0                get_kernel_map
                0x000000000000a2c0                itoa
                0x000000000000a36b                disp_int
                0x000000000000a392                delay
 .text          0x000000000000a3d9      0x206 kernel/welcome.o
                0x000000000000a3d9                welcomeAnimation
                0x000000000000a4a6                welcome
 .text          0x000000000000a5df       0x6f lib/syslog.o
                0x000000000000a5df                syslog
 .text          0x000000000000a64e      0x1bc mm/main.o
                0x000000000000a64e                task_mm
                0x000000000000a785                alloc_mem
                0x000000000000a800                free_mem
 .text          0x000000000000a80a      0x5c9 mm/forkexit.o
                0x000000000000a80a                do_fork
                0x000000000000ab4e                do_exit
                0x000000000000ad1a                do_wait
 .text          0x000000000000add3      0x356 mm/exec.o
                0x000000000000add3                do_exec
 .text          0x000000000000b129     0x1116 fs/main.o
                0x000000000000b129                task_fs
                0x000000000000bc24                rw_sector
                0x000000000000be47                get_super_block
                0x000000000000be8d                get_inode
                0x000000000000bff0                put_inode
                0x000000000000c02e                sync_inode
 .text          0x000000000000c23f      0xa8a fs/open.o
                0x000000000000c23f                do_open
                0x000000000000c6c4                do_close
                0x000000000000c73f                do_lseek
 .text          0x000000000000ccc9      0x3b2 fs/misc.o
                0x000000000000ccc9                do_stat
                0x000000000000ce9a                search_file
                0x000000000000cff0                strip_path
 .text          0x000000000000d07b      0x366 fs/read_write.o
                0x000000000000d07b                do_rdwt
 .text          0x000000000000d3e1      0x713 fs/link.o
                0x000000000000d3e1                do_unlink
 .text          0x000000000000daf4     0x1f93 fs/disklog.o
                0x000000000000daf4                disklog
                0x000000000000e024                dump_fd_graph
 .text          0x000000000000fa87      0xd5d game/tictactoe.o
                0x000000000000facc                main_tic
 .text          0x00000000000107e4      0x3db kernel/ano_schdule.o
                0x00000000000107e4                need_to_flush
                0x000000000001080a                ano_inc_tick
                0x000000000001081d                ano_schdule
                0x0000000000010970                init_pro_que
                0x00000000000109d2                add_to_que
                0x0000000000010a39                del_from_que
                0x0000000000010ac9                flush_proc
                0x0000000000010b66                set_proc_rank
 .text          0x0000000000010bbf       0xad lib/orangescrt.a(printf.o)
                0x0000000000010bbf                printf
                0x0000000000010c2a                printl
 .text          0x0000000000010c6c      0x305 lib/orangescrt.a(vsprintf.o)
                0x0000000000010cca                vsprintf
                0x0000000000010f4b                sprintf
 *fill*         0x0000000000010f71        0xf 
 .text          0x0000000000010f80       0x78 lib/orangescrt.a(string.o)
                0x0000000000010f80                memcpy
                0x0000000000010fa9                memset
                0x0000000000010fca                strcpy
                0x0000000000010fe2                strlen
 .text          0x0000000000010ff8      0x256 lib/orangescrt.a(misc.o)
                0x0000000000010ff8                send_recv
                0x00000000000110b2                memcmp
                0x0000000000011128                strcmp
                0x000000000001119b                strcat
                0x00000000000111fa                spin
                0x0000000000011215                assertion_failure
 .text          0x000000000001124e       0x63 lib/orangescrt.a(open.o)
                0x000000000001124e                open
 .text          0x00000000000112b1       0x37 lib/orangescrt.a(read.o)
                0x00000000000112b1                read
 .text          0x00000000000112e8       0x37 lib/orangescrt.a(write.o)
                0x00000000000112e8                write
 .text          0x000000000001131f       0x2b lib/orangescrt.a(close.o)
                0x000000000001131f                close
 .text          0x000000000001134a       0x3c lib/orangescrt.a(unlink.o)
                0x000000000001134a                unlink
 .text          0x0000000000011386       0x37 lib/orangescrt.a(lseek.o)
                0x0000000000011386                lseek
 .text          0x00000000000113bd       0x46 lib/orangescrt.a(getpid.o)
                0x00000000000113bd                getpid
 .text          0x0000000000011403       0x63 lib/orangescrt.a(stat.o)
                0x0000000000011403                stat
 .text          0x0000000000011466       0x66 lib/orangescrt.a(fork.o)
                0x0000000000011466                fork
 .text          0x00000000000114cc       0x3c lib/orangescrt.a(wait.o)
                0x00000000000114cc                wait
 .text          0x0000000000011508      0x237 lib/orangescrt.a(exec.o)
                0x0000000000011508                exec
                0x0000000000011573                execl
                0x0000000000011598                execv
 *fill*         0x000000000001173f        0x1 
 .text          0x0000000000011740       0x28 lib/orangescrt.a(syscall.o)
                0x0000000000011740                sendrec
                0x000000000001175a                printx
 *(.gnu.warning)

.fini
 *(SORT(.fini))
                [!provide]                        PROVIDE (__etext, .)
                [!provide]                        PROVIDE (_etext, .)
                [!provide]                        PROVIDE (etext, .)

.rodata         0x0000000000011780     0x3253
 *(.rodata .rodata.* .gnu.linkonce.r.*)
 .rodata        0x0000000000011780       0x47 kernel/start.o
 *fill*         0x00000000000117c7       0x19 
 .rodata        0x00000000000117e0      0xbb5 kernel/main.o
 *fill*         0x0000000000012395        0x3 
 .rodata        0x0000000000012398       0x64 kernel/keyboard.o
 .rodata        0x00000000000123fc      0x1b8 kernel/tty.o
 .rodata        0x00000000000125b4       0x5b kernel/console.o
 .rodata        0x000000000001260f       0x11 kernel/i8259.o
 .rodata        0x0000000000012620       0x10 kernel/global.o
                0x0000000000012620                FSBUF_SIZE
                0x0000000000012624                MMBUF_SIZE
                0x0000000000012628                LOGBUF_SIZE
                0x000000000001262c                LOGDISKBUF_SIZE
 *fill*         0x0000000000012630       0x10 
 .rodata        0x0000000000012640      0x580 kernel/protect.o
 .rodata        0x0000000000012bc0      0x5da kernel/proc.o
 .rodata        0x000000000001319a       0x11 kernel/systask.o
 *fill*         0x00000000000131ab        0x1 
 .rodata        0x00000000000131ac      0x15c kernel/hd.o
 .rodata        0x0000000000013308       0x6a kernel/klib.o
 *fill*         0x0000000000013372        0x2 
 .rodata        0x0000000000013374      0x35b kernel/welcome.o
 .rodata        0x00000000000136cf       0x1e lib/syslog.o
 *fill*         0x00000000000136ed        0x3 
 .rodata        0x00000000000136f0       0xb1 mm/main.o
 *fill*         0x00000000000137a1        0x3 
 .rodata        0x00000000000137a4       0xe7 mm/forkexit.o
 *fill*         0x000000000001388b        0x1 
 .rodata        0x000000000001388c       0xa4 mm/exec.o
 .rodata        0x0000000000013930      0x2ce fs/main.o
 *fill*         0x0000000000013bfe        0x2 
 .rodata        0x0000000000013c00      0x134 fs/open.o
 .rodata        0x0000000000013d34       0x60 fs/misc.o
 .rodata        0x0000000000013d94      0x122 fs/link.o
 *fill*         0x0000000000013eb6        0x2 
 .rodata        0x0000000000013eb8      0x7d6 fs/disklog.o
 *fill*         0x000000000001468e        0x2 
 .rodata        0x0000000000014690       0x92 game/tictactoe.o
 *fill*         0x0000000000014722        0x2 
 .rodata        0x0000000000014724       0xc7 kernel/ano_schdule.o
 .rodata        0x00000000000147eb       0x14 lib/orangescrt.a(printf.o)
 *fill*         0x00000000000147ff        0x1 
 .rodata        0x0000000000014800       0xad lib/orangescrt.a(misc.o)
 .rodata        0x00000000000148ad       0x23 lib/orangescrt.a(open.o)
 .rodata        0x00000000000148d0       0x25 lib/orangescrt.a(getpid.o)
 .rodata        0x00000000000148f5       0x23 lib/orangescrt.a(stat.o)
 .rodata        0x0000000000014918       0x33 lib/orangescrt.a(fork.o)
 *fill*         0x000000000001494b        0x1 
 .rodata        0x000000000001494c       0x87 lib/orangescrt.a(exec.o)

.rodata1
 *(.rodata1)

.eh_frame_hdr
 *(.eh_frame_hdr)
 *(.eh_frame_entry .eh_frame_entry.*)

.eh_frame       0x00000000000149d4     0x1950
 *(.eh_frame)
 .eh_frame      0x00000000000149d4       0x38 kernel/start.o
 .eh_frame      0x0000000000014a0c      0x568 kernel/main.o
                                        0x580 (size before relaxing)
 .eh_frame      0x0000000000014f74       0x60 kernel/clock.o
                                         0x78 (size before relaxing)
 .eh_frame      0x0000000000014fd4       0xe0 kernel/keyboard.o
                                         0xf8 (size before relaxing)
 .eh_frame      0x00000000000150b4      0x1bc kernel/tty.o
                                        0x1d4 (size before relaxing)
 .eh_frame      0x0000000000015270      0x144 kernel/console.o
                                        0x15c (size before relaxing)
 .eh_frame      0x00000000000153b4       0x60 kernel/i8259.o
                                         0x78 (size before relaxing)
 .eh_frame      0x0000000000015414       0xb0 kernel/protect.o
                                         0xc8 (size before relaxing)
 .eh_frame      0x00000000000154c4      0x1b8 kernel/proc.o
                                        0x1d0 (size before relaxing)
 .eh_frame      0x000000000001567c       0x5c kernel/systask.o
                                         0x74 (size before relaxing)
 .eh_frame      0x00000000000156d8      0x1c8 kernel/hd.o
                                        0x1e0 (size before relaxing)
 .eh_frame      0x00000000000158a0       0xa0 kernel/klib.o
                                         0xb8 (size before relaxing)
 .eh_frame      0x0000000000015940       0x40 kernel/welcome.o
                                         0x58 (size before relaxing)
 .eh_frame      0x0000000000015980       0x20 lib/syslog.o
                                         0x38 (size before relaxing)
 .eh_frame      0x00000000000159a0       0x7c mm/main.o
                                         0x94 (size before relaxing)
 .eh_frame      0x0000000000015a1c       0x90 mm/forkexit.o
                                         0xa8 (size before relaxing)
 .eh_frame      0x0000000000015aac       0x2c mm/exec.o
                                         0x44 (size before relaxing)
 .eh_frame      0x0000000000015ad8      0x170 fs/main.o
                                        0x188 (size before relaxing)
 .eh_frame      0x0000000000015c48      0x120 fs/open.o
                                        0x138 (size before relaxing)
 .eh_frame      0x0000000000015d68       0x68 fs/misc.o
                                         0x80 (size before relaxing)
 .eh_frame      0x0000000000015dd0       0x2c fs/read_write.o
                                         0x44 (size before relaxing)
 .eh_frame      0x0000000000015dfc       0x2c fs/link.o
                                         0x44 (size before relaxing)
 .eh_frame      0x0000000000015e28       0x60 fs/disklog.o
                                         0x78 (size before relaxing)
 .eh_frame      0x0000000000015e88       0xa0 game/tictactoe.o
                                         0xb8 (size before relaxing)
 .eh_frame      0x0000000000015f28      0x100 kernel/ano_schdule.o
                                        0x118 (size before relaxing)
 .eh_frame      0x0000000000016028       0x40 lib/orangescrt.a(printf.o)
                                         0x58 (size before relaxing)
 .eh_frame      0x0000000000016068       0x60 lib/orangescrt.a(vsprintf.o)
                                         0x78 (size before relaxing)
 .eh_frame      0x00000000000160c8       0xbc lib/orangescrt.a(misc.o)
                                         0xd4 (size before relaxing)
 .eh_frame      0x0000000000016184       0x20 lib/orangescrt.a(open.o)
                                         0x38 (size before relaxing)
 .eh_frame      0x00000000000161a4       0x20 lib/orangescrt.a(read.o)
                                         0x38 (size before relaxing)
 .eh_frame      0x00000000000161c4       0x20 lib/orangescrt.a(write.o)
                                         0x38 (size before relaxing)
 .eh_frame      0x00000000000161e4       0x20 lib/orangescrt.a(close.o)
                                         0x38 (size before relaxing)
 .eh_frame      0x0000000000016204       0x20 lib/orangescrt.a(unlink.o)
                                         0x38 (size before relaxing)
 .eh_frame      0x0000000000016224       0x20 lib/orangescrt.a(lseek.o)
                                         0x38 (size before relaxing)
 .eh_frame      0x0000000000016244       0x20 lib/orangescrt.a(getpid.o)
                                         0x38 (size before relaxing)
 .eh_frame      0x0000000000016264       0x20 lib/orangescrt.a(stat.o)
                                         0x38 (size before relaxing)
 .eh_frame      0x0000000000016284       0x20 lib/orangescrt.a(fork.o)
                                         0x38 (size before relaxing)
 .eh_frame      0x00000000000162a4       0x20 lib/orangescrt.a(wait.o)
                                         0x38 (size before relaxing)
 .eh_frame      0x00000000000162c4       0x60 lib/orangescrt.a(exec.o)
                                         0x78 (size before relaxing)
 *(.eh_frame.*)

.gcc_except_table
 *(.gcc_except_table .gcc_except_table.*)

.gnu_extab
 *(.gnu_extab*)

.exception_ranges
 *(.exception_ranges .exception_ranges*)
                0x0000000000017324                . = DATA_SEGMENT_ALIGN (0x1000, 0x1000)

.eh_frame
 *(.eh_frame)
 *(.eh_frame.*)

.gnu_extab
 *(.gnu_extab)

.gcc_except_table
 *(.gcc_except_table .gcc_except_table.*)

.exception_ranges
 *(.exception_ranges .exception_ranges*)

.tdata
 *(.tdata .tdata.* .gnu.linkonce.td.*)

.tbss
 *(.tbss .tbss.* .gnu.linkonce.tb.*)
 *(.tcommon)

.preinit_array  0x0000000000017324        0x0
                [!provide]                        PROVIDE (__preinit_array_start, .)
 *(.preinit_array)
                [!provide]                        PROVIDE (__preinit_array_end, .)

.init_array     0x0000000000017324        0x0
                [!provide]                        PROVIDE (__init_array_start, .)
 *(SORT(.init_array.*) SORT(.ctors.*))
 *(.init_array EXCLUDE_FILE(*crtend?.o *crtend.o *crtbegin?.o *crtbegin.o) .ctors)
                [!provide]                        PROVIDE (__init_array_end, .)

.fini_array     0x0000000000017324        0x0
                [!provide]                        PROVIDE (__fini_array_start, .)
 *(SORT(.fini_array.*) SORT(.dtors.*))
 *(.fini_array EXCLUDE_FILE(*crtend?.o *crtend.o *crtbegin?.o *crtbegin.o) .dtors)
                [!provide]                        PROVIDE (__fini_array_end, .)

.ctors
 *crtbegin.o(.ctors)
 *crtbegin?.o(.ctors)
 *(EXCLUDE_FILE(*crtend?.o *crtend.o) .ctors)
 *(SORT(.ctors.*))
 *(.ctors)

.dtors
 *crtbegin.o(.dtors)
 *crtbegin?.o(.dtors)
 *(EXCLUDE_FILE(*crtend?.o *crtend.o) .dtors)
 *(SORT(.dtors.*))
 *(.dtors)

.jcr
 *(.jcr)

.data.rel.ro
 *(.data.rel.ro.local* .gnu.linkonce.d.rel.ro.local.*)
 *(.data.rel.ro .data.rel.ro.* .gnu.linkonce.d.rel.ro.*)

.dynamic
 *(.dynamic)

.got
 *(.got)
 *(.igot)
                0x0000000000017324                . = DATA_SEGMENT_RELRO_END (., (SIZEOF (.got.plt) >= 0xc)?0xc:0x0)

.got.plt        0x0000000000017324        0x0
 *(.got.plt)
 *(.igot.plt)
 .igot.plt      0x0000000000017324        0x0 kernel/kernel.o

.data           0x0000000000017340      0xac4
 *(.data .data.* .gnu.linkonce.d.*)
 .data          0x0000000000017340        0x2 kernel/kernel.o
 .data          0x0000000000017342        0x0 kernel/start.o
 *fill*         0x0000000000017342       0x1e 
 .data          0x0000000000017360      0x251 kernel/main.o
                0x0000000000017360                currentUser
                0x00000000000173e0                currentFolder
                0x0000000000017460                users
                0x0000000000017560                map_hidden
 .data          0x00000000000175b1        0x0 kernel/clock.o
 *fill*         0x00000000000175b1        0xf 
 .data          0x00000000000175c0      0x600 kernel/keyboard.o
                0x00000000000175c0                keymap
 .data          0x0000000000017bc0       0x22 kernel/tty.o
 .data          0x0000000000017be2        0x0 kernel/console.o
 .data          0x0000000000017be2        0x0 kernel/i8259.o
 *fill*         0x0000000000017be2       0x1e 
 .data          0x0000000000017c00      0x1b4 kernel/global.o
                0x0000000000017c00                task_table
                0x0000000000017ce0                user_proc_table
                0x0000000000017d80                sys_call_table
                0x0000000000017d8c                dd_map
                0x0000000000017da4                fsbuf
                0x0000000000017da8                mmbuf
                0x0000000000017dac                logbuf
                0x0000000000017db0                logdiskbuf
 .data          0x0000000000017db4        0x0 kernel/protect.o
 .data          0x0000000000017db4        0x0 kernel/proc.o
 .data          0x0000000000017db4        0x0 kernel/systask.o
 .data          0x0000000000017db4        0x0 kernel/hd.o
 .data          0x0000000000017db4        0x0 kernel/klib.o
 .data          0x0000000000017db4        0x0 kernel/welcome.o
 .data          0x0000000000017db4        0x0 lib/syslog.o
 .data          0x0000000000017db4        0x0 mm/main.o
 .data          0x0000000000017db4        0x0 mm/forkexit.o
 .data          0x0000000000017db4        0x0 mm/exec.o
 .data          0x0000000000017db4        0x0 fs/main.o
 .data          0x0000000000017db4        0x0 fs/open.o
 .data          0x0000000000017db4        0x0 fs/misc.o
 .data          0x0000000000017db4        0x0 fs/read_write.o
 .data          0x0000000000017db4        0x0 fs/link.o
 .data          0x0000000000017db4        0x0 fs/disklog.o
 *fill*         0x0000000000017db4        0xc 
 .data          0x0000000000017dc0       0x44 game/tictactoe.o
 .data          0x0000000000017e04        0x0 kernel/ano_schdule.o
 .data          0x0000000000017e04        0x0 lib/orangescrt.a(printf.o)
 .data          0x0000000000017e04        0x0 lib/orangescrt.a(vsprintf.o)
 .data          0x0000000000017e04        0x0 lib/orangescrt.a(misc.o)
 .data          0x0000000000017e04        0x0 lib/orangescrt.a(open.o)
 .data          0x0000000000017e04        0x0 lib/orangescrt.a(read.o)
 .data          0x0000000000017e04        0x0 lib/orangescrt.a(write.o)
 .data          0x0000000000017e04        0x0 lib/orangescrt.a(close.o)
 .data          0x0000000000017e04        0x0 lib/orangescrt.a(unlink.o)
 .data          0x0000000000017e04        0x0 lib/orangescrt.a(lseek.o)
 .data          0x0000000000017e04        0x0 lib/orangescrt.a(getpid.o)
 .data          0x0000000000017e04        0x0 lib/orangescrt.a(stat.o)
 .data          0x0000000000017e04        0x0 lib/orangescrt.a(fork.o)
 .data          0x0000000000017e04        0x0 lib/orangescrt.a(wait.o)
 .data          0x0000000000017e04        0x0 lib/orangescrt.a(exec.o)

.data1
 *(.data1)
                0x0000000000017e04                _edata = .
                [!provide]                        PROVIDE (edata, .)
                0x0000000000017e04                . = .
                0x0000000000017e04                __bss_start = .

.bss            0x0000000000017e20    0x2ebcc
 *(.dynbss)
 *(.bss .bss.* .gnu.linkonce.b.*)
 .bss           0x0000000000017e20      0x800 kernel/kernel.o
 .bss           0x0000000000018620        0x0 kernel/start.o
 .bss           0x0000000000018620       0x94 kernel/main.o
                0x0000000000018620                filepath
                0x00000000000186a0                filecount
                0x00000000000186a4                usercount
                0x00000000000186a8                isEntered
                0x00000000000186ac                UserState
                0x00000000000186b0                leiflag
 .bss           0x00000000000186b4        0x0 kernel/clock.o
 *fill*         0x00000000000186b4        0xc 
 .bss           0x00000000000186c0       0x58 kernel/keyboard.o
 .bss           0x0000000000018718        0x0 kernel/tty.o
 .bss           0x0000000000018718        0x0 kernel/console.o
 .bss           0x0000000000018718        0x0 kernel/i8259.o
 .bss           0x0000000000018718        0x0 kernel/global.o
 .bss           0x0000000000018718        0x0 kernel/protect.o
 .bss           0x0000000000018718        0x0 kernel/proc.o
 .bss           0x0000000000018718        0x0 kernel/systask.o
 *fill*         0x0000000000018718        0x8 
 .bss           0x0000000000018720      0x64c kernel/hd.o
 .bss           0x0000000000018d6c        0x0 kernel/klib.o
 .bss           0x0000000000018d6c        0x0 kernel/welcome.o
 .bss           0x0000000000018d6c        0x0 lib/syslog.o
 .bss           0x0000000000018d6c        0x0 mm/main.o
 .bss           0x0000000000018d6c        0x0 mm/forkexit.o
 .bss           0x0000000000018d6c        0x0 mm/exec.o
 .bss           0x0000000000018d6c        0x0 fs/main.o
 .bss           0x0000000000018d6c        0x0 fs/open.o
 .bss           0x0000000000018d6c        0x0 fs/misc.o
 .bss           0x0000000000018d6c        0x0 fs/read_write.o
 .bss           0x0000000000018d6c        0x0 fs/link.o
 *fill*         0x0000000000018d6c       0x14 
 .bss           0x0000000000018d80      0x208 fs/disklog.o
 .bss           0x0000000000018f88        0x0 game/tictactoe.o
 *fill*         0x0000000000018f88       0x18 
 .bss           0x0000000000018fa0      0x12c kernel/ano_schdule.o
 .bss           0x00000000000190cc        0x0 lib/orangescrt.a(printf.o)
 .bss           0x00000000000190cc        0x0 lib/orangescrt.a(vsprintf.o)
 .bss           0x00000000000190cc        0x0 lib/orangescrt.a(misc.o)
 .bss           0x00000000000190cc        0x0 lib/orangescrt.a(open.o)
 .bss           0x00000000000190cc        0x0 lib/orangescrt.a(read.o)
 .bss           0x00000000000190cc        0x0 lib/orangescrt.a(write.o)
 .bss           0x00000000000190cc        0x0 lib/orangescrt.a(close.o)
 .bss           0x00000000000190cc        0x0 lib/orangescrt.a(unlink.o)
 .bss           0x00000000000190cc        0x0 lib/orangescrt.a(lseek.o)
 .bss           0x00000000000190cc        0x0 lib/orangescrt.a(getpid.o)
 .bss           0x00000000000190cc        0x0 lib/orangescrt.a(stat.o)
 .bss           0x00000000000190cc        0x0 lib/orangescrt.a(fork.o)
 .bss           0x00000000000190cc        0x0 lib/orangescrt.a(wait.o)
 .bss           0x00000000000190cc        0x0 lib/orangescrt.a(exec.o)
 *(COMMON)
 *fill*         0x00000000000190cc       0x14 
 COMMON         0x00000000000190e0     0x15e0 kernel/main.o
                0x00000000000190e0                filequeue
                0x00000000000191c0                files
                0x0000000000019bc0                userfiles
                0x000000000001a5c0                passwords
 COMMON         0x000000000001a6c0    0x2c31c kernel/global.o
                0x000000000001a6c0                idt_ptr
                0x000000000001a6e0                inode_table
                0x000000000001b1e0                task_stack
                0x000000000003f1e0                k_reenter
                0x000000000003f200                gdt
                0x000000000003f600                current_console
                0x000000000003f604                pcaller
                0x000000000003f620                tty_table
                0x0000000000041c40                tss
                0x0000000000041cc0                fs_msg
                0x0000000000041cf0                memory_size
                0x0000000000041d00                f_desc_table
                0x0000000000042100                root_inode
                0x0000000000042104                disp_pos
                0x0000000000042120                mm_msg
                0x0000000000042150                key_pressed
                0x0000000000042154                gdt_ptr
                0x0000000000042160                idt
                0x0000000000042960                super_block
                0x0000000000042b40                ticks
                0x0000000000042b60                console_table
                0x0000000000042ba0                irq_table
                0x0000000000042be0                p_proc_ready
                0x0000000000042c00                proc_table
 COMMON         0x00000000000469dc       0x10 kernel/hd.o
                0x00000000000469dc                PARTITION_ENTRY
                0x00000000000469ec                . = ALIGN ((. != 0x0)?0x4:0x1)
                0x00000000000469ec                . = ALIGN (0x4)
                0x00000000000469ec                . = SEGMENT_START ("ldata-segment", .)
                0x00000000000469ec                . = ALIGN (0x4)
                0x00000000000469ec                _end = .
                [!provide]                        PROVIDE (end, .)
                0x00000000000469ec                . = DATA_SEGMENT_END (.)

.stab
 *(.stab)

.stabstr
 *(.stabstr)

.stab.excl
 *(.stab.excl)

.stab.exclstr
 *(.stab.exclstr)

.stab.index
 *(.stab.index)

.stab.indexstr
 *(.stab.indexstr)

.comment        0x0000000000000000       0x35
 *(.comment)
 .comment       0x0000000000000000       0x35 kernel/start.o
                                         0x36 (size before relaxing)
 .comment       0x0000000000000035       0x36 kernel/main.o
 .comment       0x0000000000000035       0x36 kernel/clock.o
 .comment       0x0000000000000035       0x36 kernel/keyboard.o
 .comment       0x0000000000000035       0x36 kernel/tty.o
 .comment       0x0000000000000035       0x36 kernel/console.o
 .comment       0x0000000000000035       0x36 kernel/i8259.o
 .comment       0x0000000000000035       0x36 kernel/global.o
 .comment       0x0000000000000035       0x36 kernel/protect.o
 .comment       0x0000000000000035       0x36 kernel/proc.o
 .comment       0x0000000000000035       0x36 kernel/systask.o
 .comment       0x0000000000000035       0x36 kernel/hd.o
 .comment       0x0000000000000035       0x36 kernel/klib.o
 .comment       0x0000000000000035       0x36 kernel/welcome.o
 .comment       0x0000000000000035       0x36 lib/syslog.o
 .comment       0x0000000000000035       0x36 mm/main.o
 .comment       0x0000000000000035       0x36 mm/forkexit.o
 .comment       0x0000000000000035       0x36 mm/exec.o
 .comment       0x0000000000000035       0x36 fs/main.o
 .comment       0x0000000000000035       0x36 fs/open.o
 .comment       0x0000000000000035       0x36 fs/misc.o
 .comment       0x0000000000000035       0x36 fs/read_write.o
 .comment       0x0000000000000035       0x36 fs/link.o
 .comment       0x0000000000000035       0x36 fs/disklog.o
 .comment       0x0000000000000035       0x36 game/tictactoe.o
 .comment       0x0000000000000035       0x36 kernel/ano_schdule.o
 .comment       0x0000000000000035       0x36 lib/orangescrt.a(printf.o)
 .comment       0x0000000000000035       0x36 lib/orangescrt.a(vsprintf.o)
 .comment       0x0000000000000035       0x36 lib/orangescrt.a(misc.o)
 .comment       0x0000000000000035       0x36 lib/orangescrt.a(open.o)
 .comment       0x0000000000000035       0x36 lib/orangescrt.a(read.o)
 .comment       0x0000000000000035       0x36 lib/orangescrt.a(write.o)
 .comment       0x0000000000000035       0x36 lib/orangescrt.a(close.o)
 .comment       0x0000000000000035       0x36 lib/orangescrt.a(unlink.o)
 .comment       0x0000000000000035       0x36 lib/orangescrt.a(lseek.o)
 .comment       0x0000000000000035       0x36 lib/orangescrt.a(getpid.o)
 .comment       0x0000000000000035       0x36 lib/orangescrt.a(stat.o)
 .comment       0x0000000000000035       0x36 lib/orangescrt.a(fork.o)
 .comment       0x0000000000000035       0x36 lib/orangescrt.a(wait.o)
 .comment       0x0000000000000035       0x36 lib/orangescrt.a(exec.o)

.debug
 *(.debug)

.line
 *(.line)

.debug_srcinfo
 *(.debug_srcinfo)

.debug_sfnames
 *(.debug_sfnames)

.debug_aranges
 *(.debug_aranges)

.debug_pubnames
 *(.debug_pubnames)

.debug_info
 *(.debug_info .gnu.linkonce.wi.*)

.debug_abbrev
 *(.debug_abbrev)

.debug_line
 *(.debug_line .debug_line.* .debug_line_end)

.debug_frame
 *(.debug_frame)

.debug_str
 *(.debug_str)

.debug_loc
 *(.debug_loc)

.debug_macinfo
 *(.debug_macinfo)

.debug_weaknames
 *(.debug_weaknames)

.debug_funcnames
 *(.debug_funcnames)

.debug_typenames
 *(.debug_typenames)

.debug_varnames
 *(.debug_varnames)

.debug_pubtypes
 *(.debug_pubtypes)

.debug_ranges
 *(.debug_ranges)

.debug_macro
 *(.debug_macro)

.gnu.attributes
 *(.gnu.attributes)

/DISCARD/
 *(.note.GNU-stack)
 *(.gnu_debuglink)
 *(.gnu.lto_*)
OUTPUT(kernel.bin elf32-i386)
